
11-06 07:32:46.294 16637 16699 I CCodec  : Created component [c2.cros-codecs.vaapi.hevc.decoder] for [c2.cros-codecs.vaapi.hevc.decoder]
11-06 07:32:46.295 16637 16699 D CCodecConfig: read media type: video/hevc
11-06 07:32:46.296 16637 16699 D ReflectedParamUpdater: extent() != 1 for single value type: input.buffers.allocator-ids.values
11-06 07:32:46.296 16637 16699 D ReflectedParamUpdater: extent() != 1 for single value type: output.buffers.allocator-ids.values
11-06 07:32:46.296 16637 16699 D ReflectedParamUpdater: extent() != 1 for single value type: output.buffers.pool-ids.values
11-06 07:32:46.296 16637 16699 D ReflectedParamUpdater: extent() != 1 for single value type: algo.buffers.allocator-ids.values
11-06 07:32:46.297 16637 16699 D ReflectedParamUpdater: extent() != 1 for single value type: algo.buffers.max-count.values
11-06 07:32:46.297 16637 16699 D ReflectedParamUpdater: extent() != 1 for single value type: algo.buffers.pool-ids.values
11-06 07:32:46.297 16637 16699 D CCodecConfig: ignoring local param raw.size (0xd2001800) as it is already supported
11-06 07:32:46.297 16637 16699 D CCodecConfig: ignoring local param default.color (0x5200180b) as it is already supported
11-06 07:32:46.297 16637 16699 D ReflectedParamUpdater: ignored struct field raw.hdr-static-info.mastering
11-06 07:32:46.298 16637 16699 I CCodecConfig: query failed after returning 13 values (BAD_INDEX)
11-06 07:32:46.299 16637 16699 D CCodecConfig: c2 config diff is Dict {
11-06 07:32:46.299 16637 16699 D CCodecConfig:   c2::u32 algo.secure-mode.value = 0
11-06 07:32:46.299 16637 16699 D CCodecConfig:   c2::u32 coded.pl.level = 24584
11-06 07:32:46.299 16637 16699 D CCodecConfig:   c2::u32 coded.pl.profile = 24576
11-06 07:32:46.299 16637 16699 D CCodecConfig:   c2::u32 coded.vui.color.matrix = 0
11-06 07:32:46.299 16637 16699 D CCodecConfig:   c2::u32 coded.vui.color.primaries = 0
11-06 07:32:46.299 16637 16699 D CCodecConfig:   c2::u32 coded.vui.color.range = 2
11-06 07:32:46.299 16637 16699 D CCodecConfig:   c2::u32 coded.vui.color.transfer = 0
11-06 07:32:46.299 16637 16699 D CCodecConfig:   c2::u32 default.color.matrix = 0
11-06 07:32:46.299 16637 16699 D CCodecConfig:   c2::u32 default.color.primaries = 0
11-06 07:32:46.299 16637 16699 D CCodecConfig:   c2::u32 default.color.range = 0
11-06 07:32:46.299 16637 16699 D CCodecConfig:   c2::u32 default.color.transfer = 0
11-06 07:32:46.299 16637 16699 D CCodecConfig:   c2::u32 input.buffers.max-size.value = 2097152
11-06 07:32:46.299 16637 16699 D CCodecConfig:   c2::u32 input.delay.value = 0
11-06 07:32:46.299 16637 16699 D CCodecConfig:   string input.media-type.value = "video/hevc"
11-06 07:32:46.299 16637 16699 D CCodecConfig:   c2::u32 output.delay.value = 4
11-06 07:32:46.299 16637 16699 D CCodecConfig:   string output.media-type.value = "video/raw"
11-06 07:32:46.299 16637 16699 D CCodecConfig:   c2::u32 raw.color.matrix = 0
11-06 07:32:46.299 16637 16699 D CCodecConfig:   c2::u32 raw.color.primaries = 0
11-06 07:32:46.299 16637 16699 D CCodecConfig:   c2::u32 raw.color.range = 2
11-06 07:32:46.299 16637 16699 D CCodecConfig:   c2::u32 raw.color.transfer = 0
11-06 07:32:46.299 16637 16699 D CCodecConfig:   c2::u32 raw.max-size.height = 240
11-06 07:32:46.299 16637 16699 D CCodecConfig:   c2::u32 raw.max-size.width = 320
11-06 07:32:46.299 16637 16699 D CCodecConfig:   c2::u32 raw.pixel-format.value = 35
11-06 07:32:46.299 16637 16699 D CCodecConfig:   c2::i32 raw.rotation.flip = 0
11-06 07:32:46.299 16637 16699 D CCodecConfig:   c2::i32 raw.rotation.value = 0
11-06 07:32:46.299 16637 16699 D CCodecConfig:   c2::u32 raw.sar.height = 1
11-06 07:32:46.299 16637 16699 D CCodecConfig:   c2::u32 raw.sar.width = 1
11-06 07:32:46.299 16637 16699 D CCodecConfig:   c2::u32 raw.size.height = 24
11-06 07:32:46.299 16637 16699 W ColorUtils: expected specified color aspects (2:0:0:0)
11-06 07:32:46.300 16637 16652 I MediaCodec: media_quality service unavailable, skipping updatePictureProfile
11-06 07:32:46.301 16637 16699 D CCodec  : [c2.cros-codecs.vaapi.hevc.decoder] buffers are bound to CCodec for this session
11-06 07:32:46.301 16637 16699 D CCodecConfig: no c2 equivalents for color-format
11-06 07:32:46.301 16637 16699 D CCodecConfig: no c2 equivalents for track-id
11-06 07:32:46.301 16637 16699 D CCodecConfig: no c2 equivalents for frame-count
11-06 07:32:46.301 16637 16699 D CCodecConfig: no c2 equivalents for language
11-06 07:32:46.301 16637 16699 D CCodecConfig: no c2 equivalents for display-width
11-06 07:32:46.301 16637 16699 D CCodecConfig: no c2 equivalents for durationUs
11-06 07:32:46.301 16637 16699 D CCodecConfig: no c2 equivalents for display-height
11-06 07:32:46.301 16637 16699 D CCodecConfig: no c2 equivalents for flags
11-06 07:32:46.302 16637 16699 D CCodecConfig: c2 config diff is   c2::u32 coded.pl.level = 24576
11-06 07:32:46.302 16637 16699 D CCodecConfig:   c2::u32 raw.size.height = 720
11-06 07:32:46.302 16637 16699 D CCodecConfig:   c2::u32 raw.size.width = 1280
11-06 07:32:46.302 16637 16699 W ColorUtils: expected specified color aspects (2:0:0:0)
11-06 07:32:46.302 16637 16699 D CCodec  : client requested max input size 62844, which is smaller than what component recommended (2097152); overriding with component recommendation.
11-06 07:32:46.302 16637 16699 W CCodec  : This behavior is subject to change. It is recommended that app developers double check whether the requested max input size is in reasonable range.
11-06 07:32:46.302 16637 16699 D CCodec  : encoding statistics level = 0
11-06 07:32:46.302 16637 16699 D CCodec  : setup formats input: AMessage(what = 0x00000000) = {
11-06 07:32:46.302 16637 16699 D CCodec  :   int32_t feature-secure-playback = 0
11-06 07:32:46.302 16637 16699 D CCodec  :   int32_t height = 720
11-06 07:32:46.302 16637 16699 D CCodec  :   int32_t level = 1
11-06 07:32:46.302 16637 16699 D CCodec  :   int32_t max-input-size = 2097152
11-06 07:32:46.302 16637 16699 D CCodec  :   string mime = "video/hevc"
11-06 07:32:46.302 16637 16699 D CCodec  :   int32_t profile = 1
11-06 07:32:46.302 16637 16699 D CCodec  :   int32_t width = 1280
11-06 07:32:46.302 16637 16699 D CCodec  :   Rect crop(0, 0, 1279, 719)
11-06 07:32:46.302 16637 16699 D CCodec  : }
11-06 07:32:46.302 16637 16699 D CCodec  : setup formats output: AMessage(what = 0x00000000) = {
11-06 07:32:46.302 16637 16699 D CCodec  :   int32_t android._color-format = 2135033992
11-06 07:32:46.302 16637 16699 D CCodec  :   int32_t android._video-scaling = 1
11-06 07:32:46.302 16637 16699 D CCodec  :   int32_t rotation-degrees = 0
11-06 07:32:46.302 16637 16699 D CCodec  :   int32_t color-standard = 0
11-06 07:32:46.302 16637 16699 D CCodec  :   int32_t color-range = 2
11-06 07:32:46.302 16637 16699 D CCodec  :   int32_t color-transfer = 0
11-06 07:32:46.302 16637 16699 D CCodec  :   int32_t sar-height = 1
11-06 07:32:46.302 16637 16699 D CCodec  :   int32_t sar-width = 1
11-06 07:32:46.302 16637 16699 D CCodec  :   Rect crop(0, 0, 1279, 719)
11-06 07:32:46.302 16637 16699 D CCodec  :   int32_t width = 1280
11-06 07:32:46.302 16637 16699 D CCodec  :   int32_t feature-secure-playback = 0
11-06 07:32:46.302 16637 16699 D CCodec  :   int32_t height = 720
11-06 07:32:46.302 16637 16699 D CCodec  :   int32_t max-height = 240
11-06 07:32:46.302 16637 16699 D CCodec  :   int32_t max-width = 320
11-06 07:32:46.302 16637 16699 D CCodec  :   string mime = "video/raw"
11-06 07:32:46.302 16637 16699 D CCodec  :   int32_t android._dataspace = 268435456
11-06 07:32:46.302 16637 16699 D CCodec  :   int32_t color-format = 19
11-06 07:32:46.302 16637 16699 D CCodec  : }
11-06 07:32:46.302 16637 16699 I CCodecConfig: query failed after returning 13 values (BAD_INDEX)
11-06 07:32:46.303 16637 16699 D CCodecConfig: c2 config diff is   c2::u32 raw.max-size.height = 720
11-06 07:32:46.303 16637 16699 D CCodecConfig:   c2::u32 raw.max-size.width = 1280
11-06 07:32:46.303 16637 16699 W ColorUtils: expected specified color aspects (2:0:0:0)
11-06 07:32:46.303 16637 16699 E transcoding.cts: Failed to query component interface for required system resources: 6
11-06 07:32:46.303 14370 16695 D cros-codecs: cros_codecs_c2_ffi: cros_codecs_c2_ffi::C2ComponentDelegate<cros_codecs_c2_ffi::ffi::DecoderWork>::start()
11-06 07:32:46.304 16637 16699 D C2Store : Using DMABUF Heaps
11-06 07:32:46.304 14370 16701 E libva   : Open file /tmp/libva_trace.txt failed (Permission denied)
11-06 07:32:46.304 14370 16701 I libva   : VA-API version 1.22.0
11-06 07:32:46.304 14370 16701 I libva   : Trying to open /vendor/lib64/iHD_drv_video.so
11-06 07:32:46.304 14370 16701 I libva   : Found init function __vaDriverInit_1_22
11-06 07:32:46.305 16637 16699 D CCodecBufferChannel: [c2.cros-codecs.vaapi.hevc.decoder#316] Created input block pool with allocatorID 16 => poolID 17 - OK (0)
11-06 07:32:46.305 16637 16699 D CCodecBufferChannel: [c2.cros-codecs.vaapi.hevc.decoder#316] Configured output block pool ids 1 => OK
11-06 07:32:46.305 16637 16699 D CCodecBufferChannel: [c2.cros-codecs.vaapi.hevc.decoder#316] Configured output usage [0x1]
11-06 07:32:46.314   806  5050 W ResourceManagerServiceUtils: Ignoring request to add new resource entry with value <= 0
11-06 07:32:46.316 14370 16670 W android.hardware.media.c2-cros-codecs-service: AIBinder_linkToDeath is being called with a non-null cookie and no onUnlink callback set. Use AIBinder_DeathRecipient_setOnUnlinked to manage the lifetime of the cookie. This will become an abort.
11-06 07:32:46.316 16637 16698 W transcoding.cts: AIBinder_linkToDeath is being called with a non-null cookie and no onUnlink callback set. Use AIBinder_DeathRecipient_setOnUnlinked to manage the lifetime of the cookie. This will become an abort.
11-06 07:32:46.317 14370 16670 D cros-codecs: cros_codecs_c2_ffi: cros_codecs_c2_ffi::C2ComponentDelegate<cros_codecs_c2_ffi::ffi::DecoderWork>::queue(); work_items.len() = 1
11-06 07:32:46.317 14370 16670 D cros-codecs: cros_codecs_c2_ffi::backend::real::decoder: Created cros-codecs decode job; cros_codecs_decode_job.input.len() = 161, cros_codecs_decode_job.timestamp = 0, cros_codecs_decode_job.drain = NoDrain, cros_codecs_decode_job.coded_specific_data = true, work.get_timestamp() = 0, work.get_frame_index()= 0
11-06 07:32:46.317 16637 16645 D CCodecBufferChannel: [c2.cros-codecs.vaapi.hevc.decoder#316] Ignoring stale input buffer done callback: last flush index = 0, frameIndex = 0
11-06 07:32:46.317 14370 16701 I libva   : va_openDriver() returns 0
11-06 07:32:46.328 14370 16701 D cros-codecs: cros_codecs::decoder::stateless::h265: Processing NALU VpsNut, length is 23
11-06 07:32:46.328 14370 16701 D cros-codecs: cros_codecs::decoder::stateless::h265: Processing NALU VpsNut, length is 23
11-06 07:32:46.328 14370 16701 D cros-codecs: cros_codecs::codec::h265::parser: Parsed SPS(0), resolution: (1280, 736): NAL size was 35
11-06 07:32:46.328 14370 16701 D cros-codecs: cros_codecs::decoder::stateless::h265: Draining the decoder
11-06 07:32:46.328 14370 16701 D cros-codecs: cros_codecs::codec::h265::dpb: Draining the DPB.
11-06 07:32:46.328 14370 16701 D cros-codecs: cros_codecs::decoder::stateless::h265: Adding POCs [] to the ready queue while draining
11-06 07:32:46.329 14370 16701 D cros-codecs: cros_codecs::codec::h265::dpb: Clearing the DPB
11-06 07:32:46.333 14370 16670 D cros-codecs: cros_codecs_c2_ffi: cros_codecs_c2_ffi::C2ComponentDelegate<cros_codecs_c2_ffi::ffi::DecoderWork>::queue(); work_items.len() = 1
11-06 07:32:46.333 14370 16670 D cros-codecs: cros_codecs_c2_ffi::backend::real::decoder: Created cros-codecs decode job; cros_codecs_decode_job.input.len() = 62824, cros_codecs_decode_job.timestamp = 1, cros_codecs_decode_job.drain = NoDrain, cros_codecs_decode_job.coded_specific_data = false, work.get_timestamp() = 0, work.get_frame_index()= 1
11-06 07:32:46.333 16637 16645 D CCodecBuffers: [c2.cros-codecs.vaapi.hevc.decoder#316:1D-Input.Impl[N]] codec released a buffer owned by client (index 1)
11-06 07:32:46.335 14370 16670 D cros-codecs: cros_codecs_c2_ffi: cros_codecs_c2_ffi::C2ComponentDelegate<cros_codecs_c2_ffi::ffi::DecoderWork>::queue(); work_items.len() = 1
11-06 07:32:46.335 14370 16670 D cros-codecs: cros_codecs_c2_ffi::backend::real::decoder: Created cros-codecs decode job; cros_codecs_decode_job.input.len() = 3426, cros_codecs_decode_job.timestamp = 2, cros_codecs_decode_job.drain = NoDrain, cros_codecs_decode_job.coded_specific_data = false, work.get_timestamp() = 33333, work.get_frame_index()= 2
11-06 07:32:46.335 16637 16645 D CCodecBuffers: [c2.cros-codecs.vaapi.hevc.decoder#316:1D-Input.Impl[N]] codec released a buffer owned by client (index 2)
11-06 07:32:46.336 14370 16701 I iHD     : Melanie: Inside HEVC BasicFeature: Init called
11-06 07:32:46.338 14370 16670 D cros-codecs: cros_codecs_c2_ffi: cros_codecs_c2_ffi::C2ComponentDelegate<cros_codecs_c2_ffi::ffi::DecoderWork>::queue(); work_items.len() = 1
11-06 07:32:46.338 14370 16670 D cros-codecs: cros_codecs_c2_ffi::backend::real::decoder: Created cros-codecs decode job; cros_codecs_decode_job.input.len() = 3213, cros_codecs_decode_job.timestamp = 3, cros_codecs_decode_job.drain = NoDrain, cros_codecs_decode_job.coded_specific_data = false, work.get_timestamp() = 66665, work.get_frame_index()= 3
11-06 07:32:46.338 16637 16645 D CCodecBuffers: [c2.cros-codecs.vaapi.hevc.decoder#316:1D-Input.Impl[N]] codec released a buffer owned by client (index 3)
11-06 07:32:46.339 14370 16670 D cros-codecs: cros_codecs_c2_ffi: cros_codecs_c2_ffi::C2ComponentDelegate<cros_codecs_c2_ffi::ffi::DecoderWork>::queue(); work_items.len() = 1
11-06 07:32:46.339 14370 16670 D cros-codecs: cros_codecs_c2_ffi::backend::real::decoder: Created cros-codecs decode job; cros_codecs_decode_job.input.len() = 3075, cros_codecs_decode_job.timestamp = 4, cros_codecs_decode_job.drain = NoDrain, cros_codecs_decode_job.coded_specific_data = false, work.get_timestamp() = 99999, work.get_frame_index()= 4
11-06 07:32:46.339 16637 16645 D CCodecBuffers: [c2.cros-codecs.vaapi.hevc.decoder#316:1D-Input.Impl[N]] codec released a buffer owned by client (index 0)
11-06 07:32:46.341 14370 16670 D cros-codecs: cros_codecs_c2_ffi: cros_codecs_c2_ffi::C2ComponentDelegate<cros_codecs_c2_ffi::ffi::DecoderWork>::queue(); work_items.len() = 1
11-06 07:32:46.341 14370 16670 D cros-codecs: cros_codecs_c2_ffi::backend::real::decoder: Created cros-codecs decode job; cros_codecs_decode_job.input.len() = 3907, cros_codecs_decode_job.timestamp = 5, cros_codecs_decode_job.drain = NoDrain, cros_codecs_decode_job.coded_specific_data = false, work.get_timestamp() = 133331, work.get_frame_index()= 5
11-06 07:32:46.341 16637 16645 D CCodecBuffers: [c2.cros-codecs.vaapi.hevc.decoder#316:1D-Input.Impl[N]] codec released a buffer owned by client (index 1)
11-06 07:32:46.343 14370 16670 D cros-codecs: cros_codecs_c2_ffi: cros_codecs_c2_ffi::C2ComponentDelegate<cros_codecs_c2_ffi::ffi::DecoderWork>::queue(); work_items.len() = 1
11-06 07:32:46.343 14370 16670 D cros-codecs: cros_codecs_c2_ffi::backend::real::decoder: Created cros-codecs decode job; cros_codecs_decode_job.input.len() = 5935, cros_codecs_decode_job.timestamp = 6, cros_codecs_decode_job.drain = NoDrain, cros_codecs_decode_job.coded_specific_data = false, work.get_timestamp() = 166665, work.get_frame_index()= 6
11-06 07:32:46.343 16637 16645 D CCodecBuffers: [c2.cros-codecs.vaapi.hevc.decoder#316:1D-Input.Impl[N]] codec released a buffer owned by client (index 2)
11-06 07:32:46.345 14370 16701 D cros-codecs: cros_codecs::decoder::stateless::h265: Draining the decoder
11-06 07:32:46.345 14370 16701 D cros-codecs: cros_codecs::codec::h265::dpb: Draining the DPB.
11-06 07:32:46.345 14370 16701 D cros-codecs: cros_codecs::decoder::stateless::h265: Adding POCs [] to the ready queue while draining
11-06 07:32:46.345 14370 16670 D cros-codecs: cros_codecs_c2_ffi: cros_codecs_c2_ffi::C2ComponentDelegate<cros_codecs_c2_ffi::ffi::DecoderWork>::queue(); work_items.len() = 1
11-06 07:32:46.346 14370 16701 D cros-codecs: cros_codecs::codec::h265::dpb: Clearing the DPB
11-06 07:32:46.346 14370 16670 D cros-codecs: cros_codecs_c2_ffi::backend::real::decoder: Created cros-codecs decode job; cros_codecs_decode_job.input.len() = 7693, cros_codecs_decode_job.timestamp = 7, cros_codecs_decode_job.drain = NoDrain, cros_codecs_decode_job.coded_specific_data = false, work.get_timestamp() = 199998, work.get_frame_index()= 7
11-06 07:32:46.346 16637 16645 D CCodecBuffers: [c2.cros-codecs.vaapi.hevc.decoder#316:1D-Input.Impl[N]] codec released a buffer owned by client (index 3)
11-06 07:32:46.346 14370 16701 D cros-codecs: cros_codecs_c2_ffi::backend::real::allocation: Got a StreamInfo hint from cros-codecs; stream_info.format = NV12, stream_info.coded_resolution = Resolution { width: 1280, height: 768 }, stream_info.display_rect = Rect { x: 0, y: 0, width: 1280, height: 720 }, stream_info.min_num_frames = 11, stream_info.range = Limited, stream_info.primaries = Unspecified stream_info.transfer = Unspecified stream_info.matrix = Unspecified stream_info.linear = true
11-06 07:32:46.347 14370 16701 D cros-codecs: cros_codecs_c2_ffi::backend::real::allocation: Converted an ffi::Native2DBuffer to a GenericDmaVideoFrame; cros_codecs_dma_buf.token.get_id() = 225, cros_codecs_dma_buf.token.get_size() = Size { width: 1280, height: 768 }
11-06 07:32:46.348 14370 16701 D cros-codecs: cros_codecs_c2_ffi::backend::real::allocation: Converted an ffi::Native2DBuffer to a GenericDmaVideoFrame; cros_codecs_dma_buf.token.get_id() = 226, cros_codecs_dma_buf.token.get_size() = Size { width: 1280, height: 768 }
11-06 07:32:46.348 14370 16701 D cros-codecs: cros_codecs::codec::h265::parser: Parsed SPS(0), resolution: (1280, 736): NAL size was 35
11-06 07:32:46.348 14370 16701 D cros-codecs: cros_codecs::decoder::stateless::h265: Processing NALU SpsNut, length is 35
11-06 07:32:46.348 14370 16701 D cros-codecs: cros_codecs::codec::h265::parser: Parsed SPS(0), resolution: (1280, 736): NAL size was 35
11-06 07:32:46.348 14370 16701 D cros-codecs: cros_codecs::codec::h265::parser: Parsed SPS(0), resolution: (1280, 736): NAL size was 35
11-06 07:32:46.348 14370 16701 D cros-codecs: cros_codecs::decoder::stateless::h265: Processing NALU SpsNut, length is 35
11-06 07:32:46.348 14370 16701 D cros-codecs: cros_codecs::codec::h265::parser: Parsed SPS(0), resolution: (1280, 736): NAL size was 35
11-06 07:32:46.348 14370 16701 D cros-codecs: cros_codecs::decoder::stateless::h265: Processing NALU PpsNut, length is 10
11-06 07:32:46.348 14370 16701 D cros-codecs: cros_codecs::codec::h265::parser: Parsed PPS(0), NAL size was 10
11-06 07:32:46.348 14370 16701 D cros-codecs: cros_codecs::decoder::stateless::h265: Processing NALU PpsNut, length is 10
11-06 07:32:46.348 14370 16701 D cros-codecs: cros_codecs::codec::h265::parser: Parsed PPS(0), NAL size was 10
11-06 07:32:46.348 14370 16701 D cros-codecs: cros_codecs::decoder::stateless::h265: Processing NALU VpsNut, length is 23
11-06 07:32:46.348 14370 16701 D cros-codecs: cros_codecs::codec::h265::parser: Parsed SPS(0), resolution: (1280, 736): NAL size was 35
11-06 07:32:46.348 14370 16701 D cros-codecs: cros_codecs::decoder::stateless::h265: Processing NALU SpsNut, length is 35
11-06 07:32:46.348 14370 16701 D cros-codecs: cros_codecs::codec::h265::parser: Parsed SPS(0), resolution: (1280, 736): NAL size was 35
11-06 07:32:46.348 14370 16701 D cros-codecs: cros_codecs::decoder::stateless::h265: Processing NALU PpsNut, length is 10
11-06 07:32:46.348 14370 16701 D cros-codecs: cros_codecs::codec::h265::parser: Parsed PPS(0), NAL size was 10
11-06 07:32:46.348 14370 16701 D cros-codecs: cros_codecs::decoder::stateless::h265: Processing NALU VpsNut, length is 23
11-06 07:32:46.348 14370 16701 D cros-codecs: cros_codecs::codec::h265::parser: Parsed SPS(0), resolution: (1280, 736): NAL size was 35
11-06 07:32:46.348 14370 16701 D cros-codecs: cros_codecs::decoder::stateless::h265: Processing NALU SpsNut, length is 35
11-06 07:32:46.348 14370 16701 D cros-codecs: cros_codecs::codec::h265::parser: Parsed SPS(0), resolution: (1280, 736): NAL size was 35
11-06 07:32:46.348 14370 16701 D cros-codecs: cros_codecs::decoder::stateless::h265: Processing NALU PpsNut, length is 10
11-06 07:32:46.348 14370 16701 D cros-codecs: cros_codecs::codec::h265::parser: Parsed PPS(0), NAL size was 10
11-06 07:32:46.348 14370 16701 D cros-codecs: cros_codecs::decoder::stateless::h265: Processing NALU IdrWRadl, length is 41540
11-06 07:32:46.348 14370 16701 D cros-codecs: cros_codecs::codec::h265::parser: Parsed slice IdrWRadl, NAL size was 41540
11-06 07:32:46.349 14370 16670 D cros-codecs: cros_codecs_c2_ffi: cros_codecs_c2_ffi::C2ComponentDelegate<cros_codecs_c2_ffi::ffi::DecoderWork>::queue(); work_items.len() = 1
11-06 07:32:46.349 14370 16670 D cros-codecs: cros_codecs_c2_ffi::backend::real::decoder: Created cros-codecs decode job; cros_codecs_decode_job.input.len() = 4207, cros_codecs_decode_job.timestamp = 8, cros_codecs_decode_job.drain = NoDrain, cros_codecs_decode_job.coded_specific_data = false, work.get_timestamp() = 233330, work.get_frame_index()= 8
11-06 07:32:46.349 16637 16645 D CCodecBuffers: [c2.cros-codecs.vaapi.hevc.decoder#316:1D-Input.Impl[N]] codec released a buffer owned by client (index 0)
11-06 07:32:46.349 14370 16701 D cros-codecs: cros_codecs_c2_ffi::backend::real::allocation: Converted an ffi::Native2DBuffer to a GenericDmaVideoFrame; cros_codecs_dma_buf.token.get_id() = 227, cros_codecs_dma_buf.token.get_size() = Size { width: 1280, height: 768 }
11-06 07:32:46.349 14370 16701 D cros-codecs: cros_codecs::decoder::stateless::h265: IRAP frame: type=IdrWRadl, timestamp=1, NoRaslOutputFlag=true
11-06 07:32:46.349 14370 16701 D cros-codecs: cros_codecs::decoder::stateless::h265: Decode picture POC 0
11-06 07:32:46.349 14370 16701 D cros-codecs: cros_codecs::decoder::stateless::h265: Draining the decoder
11-06 07:32:46.350 14370 16701 D cros-codecs: cros_codecs::codec::h265::dpb: Draining the DPB.
11-06 07:32:46.350 14370 16701 D cros-codecs: cros_codecs::decoder::stateless::h265: Adding POCs [] to the ready queue while draining
11-06 07:32:46.350 14370 16701 D cros-codecs: cros_codecs::codec::h265::dpb: Clearing the DPB
11-06 07:32:46.350 14370 16701 D cros-codecs: cros_codecs::decoder::stateless::h265: Processing NALU IdrWRadl, length is 21115
11-06 07:32:46.350 14370 16701 D cros-codecs: cros_codecs::codec::h265::parser: Parsed slice IdrWRadl, NAL size was 21115
11-06 07:32:46.350 14370 16701 D cros-codecs: cros_codecs::decoder::stateless::h265: Processing NALU TrailR, length is 2413
11-06 07:32:46.350 14370 16701 D cros-codecs: cros_codecs::codec::h265::parser: Parsed slice TrailR, NAL size was 2413
11-06 07:32:46.350 14370 16701 D cros-codecs: cros_codecs::decoder::stateless::h265: Finishing picture POC 0
11-06 07:32:46.350 14370 16701 I iHD     : Melanie: Inside MediaLibvaInterfaceNext: BeginPicture called
11-06 07:32:46.350 14370 16701 I iHD     : Melanie: Inside DDI: RenderPicture buffers=5
11-06 07:32:46.350 14370 16701 I iHD     : Melanie: Inside HEVC RefFrames UpdateRefCachePolicy
11-06 07:32:46.350 14370 16701 I iHD     : Melanie: Inside HEVC BasicFeature: SetSliceStructs
11-06 07:32:46.350 14370 16701 I iHD     : Melanie: Inside HEVC BasicFeature: Update
11-06 07:32:46.351 14370 16670 D cros-codecs: cros_codecs_c2_ffi: cros_codecs_c2_ffi::C2ComponentDelegate<cros_codecs_c2_ffi::ffi::DecoderWork>::queue(); work_items.len() = 1
11-06 07:32:46.351 14370 16670 D cros-codecs: cros_codecs_c2_ffi::backend::real::decoder: Created cros-codecs decode job; cros_codecs_decode_job.input.len() = 4780, cros_codecs_decode_job.timestamp = 9, cros_codecs_decode_job.drain = NoDrain, cros_codecs_decode_job.coded_specific_data = false, work.get_timestamp() = 266664, work.get_frame_index()= 9
11-06 07:32:46.351 16637 16645 D CCodecBuffers: [c2.cros-codecs.vaapi.hevc.decoder#316:1D-Input.Impl[N]] codec released a buffer owned by client (index 1)
11-06 07:32:46.353 14370 16701 I iHD     : Melanie: Inside DDI: EndPicture ctx=0x7365ece168e0
11-06 07:32:46.353 14370 16701 E cros-codecs: cros_codecs::decoder::stateless::h265: Melanie: SUBMIT PICTURE 
11-06 07:32:46.353 14370 16701 E cros-codecs: cros_codecs::decoder::stateless::h265: Melanie: Timestamp: 1
11-06 07:32:46.353 14370 16701 E cros-codecs: cros_codecs::decoder::stateless::h265: Melanie: STORE IN DPB POC 0 
11-06 07:32:46.353 14370 16701 E cros-codecs: cros_codecs::decoder::stateless::h265: Melanie: timestamp 1
11-06 07:32:46.353 14370 16701 D cros-codecs: cros_codecs::codec::h265::dpb: Stored picture POC 0, the DPB length is 0
11-06 07:32:46.353 14370 16701 D cros-codecs: cros_codecs::codec::h265::picture: Set reference of POC 0 to ShortTerm
11-06 07:32:46.353 14370 16701 D cros-codecs: cros_codecs::codec::h265::dpb: Bumping POC 0 from the dpb
11-06 07:32:46.353 14370 16701 E cros-codecs: cros_codecs::decoder::stateless::h265: Melanie: BUMPED POC 0: timestamp1
11-06 07:32:46.353 14370 16701 D cros-codecs: cros_codecs::decoder::stateless::h265: Melanie: Adding POCs [0] to the ready queue after decoding
11-06 07:32:46.353 14370 16701 E cros-codecs: cros_codecs::decoder::stateless::h265: Melanie: ADDED TO READY QUEUE POC 0
11-06 07:32:46.353 14370 16670 D cros-codecs: cros_codecs_c2_ffi: cros_codecs_c2_ffi::C2ComponentDelegate<cros_codecs_c2_ffi::ffi::DecoderWork>::queue(); work_items.len() = 1
11-06 07:32:46.353 14370 16670 D cros-codecs: cros_codecs_c2_ffi::backend::real::decoder: Created cros-codecs decode job; cros_codecs_decode_job.input.len() = 9123, cros_codecs_decode_job.timestamp = 10, cros_codecs_decode_job.drain = NoDrain, cros_codecs_decode_job.coded_specific_data = false, work.get_timestamp() = 299996, work.get_frame_index()= 10
11-06 07:32:46.353 16637 16645 D CCodecBuffers: [c2.cros-codecs.vaapi.hevc.decoder#316:1D-Input.Impl[N]] codec released a buffer owned by client (index 2)
11-06 07:32:46.354 14370 16701 D cros-codecs: cros_codecs_c2_ffi::backend::real::allocation: Converted an ffi::Native2DBuffer to a GenericDmaVideoFrame; cros_codecs_dma_buf.token.get_id() = 228, cros_codecs_dma_buf.token.get_size() = Size { width: 1280, height: 768 }
11-06 07:32:46.354 14370 16701 D cros-codecs: cros_codecs::decoder::stateless::h265: Decode picture POC 1
11-06 07:32:46.354 14370 16701 D cros-codecs: cros_codecs::codec::h265::dpb: find_short_term_ref_by_poc: 0, found position Some(0)
11-06 07:32:46.354 14370 16701 D cros-codecs: cros_codecs::codec::h265::dpb: Removing unused pictures from DPB.
11-06 07:32:46.354 14370 16701 D cros-codecs: cros_codecs::codec::h265::dpb: Retaining pic POC: 0: true
11-06 07:32:46.354 14370 16701 D cros-codecs: cros_codecs::decoder::stateless::h265: Melanie: Adding POCs [] to the ready queue before decoding
11-06 07:32:46.354 14370 16701 D cros-codecs: cros_codecs::decoder::stateless::h265: Processing NALU TrailR, length is 1004
11-06 07:32:46.355 14370 16701 D cros-codecs: cros_codecs::codec::h265::parser: Parsed slice TrailR, NAL size was 1004
11-06 07:32:46.355 14370 16701 D cros-codecs: cros_codecs::decoder::stateless::h265: Processing NALU TrailR, length is 2269
11-06 07:32:46.355 14370 16701 D cros-codecs: cros_codecs::codec::h265::parser: Parsed slice TrailR, NAL size was 2269
11-06 07:32:46.355 14370 16701 D cros-codecs: cros_codecs::decoder::stateless::h265: Finishing picture POC 1
11-06 07:32:46.355 14370 16701 I iHD     : Melanie: Inside MediaLibvaInterfaceNext: BeginPicture called
11-06 07:32:46.355 14370 16701 I iHD     : Melanie: Inside DDI: RenderPicture buffers=5
11-06 07:32:46.355 14370 16701 I iHD     : Melanie: Inside HEVC RefFrames UpdateRefCachePolicy
11-06 07:32:46.355 14370 16701 I iHD     : Melanie: Inside HEVC BasicFeature: SetSliceStructs
11-06 07:32:46.355 14370 16701 I iHD     : Melanie: Inside HEVC BasicFeature: Update
11-06 07:32:46.356 14370 16701 I iHD     : Melanie: Inside DDI: EndPicture ctx=0x7365ece168e0
11-06 07:32:46.356 14370 16701 E cros-codecs: cros_codecs::decoder::stateless::h265: Melanie: SUBMIT PICTURE 
11-06 07:32:46.356 14370 16701 E cros-codecs: cros_codecs::decoder::stateless::h265: Melanie: Timestamp: 2
11-06 07:32:46.356 14370 16701 E cros-codecs: cros_codecs::decoder::stateless::h265: Melanie: STORE IN DPB POC 1 
11-06 07:32:46.356 14370 16701 E cros-codecs: cros_codecs::decoder::stateless::h265: Melanie: timestamp 2
11-06 07:32:46.356 14370 16701 D cros-codecs: cros_codecs::codec::h265::dpb: Stored picture POC 1, the DPB length is 1
11-06 07:32:46.356 14370 16701 D cros-codecs: cros_codecs::codec::h265::picture: Set reference of POC 1 to ShortTerm
11-06 07:32:46.356 14370 16701 D cros-codecs: cros_codecs::codec::h265::dpb: Bumping POC 1 from the dpb
11-06 07:32:46.356 14370 16701 E cros-codecs: cros_codecs::decoder::stateless::h265: Melanie: BUMPED POC 1: timestamp2
11-06 07:32:46.356 14370 16701 D cros-codecs: cros_codecs::decoder::stateless::h265: Melanie: Adding POCs [1] to the ready queue after decoding
11-06 07:32:46.356 14370 16701 E cros-codecs: cros_codecs::decoder::stateless::h265: Melanie: ADDED TO READY QUEUE POC 1
11-06 07:32:46.357 14370 16701 D cros-codecs: cros_codecs_c2_ffi::backend::real::allocation: Converted an ffi::Native2DBuffer to a GenericDmaVideoFrame; cros_codecs_dma_buf.token.get_id() = 229, cros_codecs_dma_buf.token.get_size() = Size { width: 1280, height: 768 }
11-06 07:32:46.357 14370 16701 D cros-codecs: cros_codecs::decoder::stateless::h265: Decode picture POC 2
11-06 07:32:46.357 14370 16701 D cros-codecs: cros_codecs::codec::h265::dpb: find_short_term_ref_by_poc: 1, found position Some(1)
11-06 07:32:46.357 14370 16701 D cros-codecs: cros_codecs::codec::h265::picture: Set reference of POC 0 to None
11-06 07:32:46.357 14370 16701 W cros-codecs: cros_codecs::decoder::stateless::h265: The total RPS length 1 is not the same as the DPB length 2
11-06 07:32:46.357 14370 16701 W cros-codecs: cros_codecs::decoder::stateless::h265: A reference pic may be in more than one RPS list. This is against the specification. See 8.3.2. NOTE 5
11-06 07:32:46.357 14370 16701 D cros-codecs: cros_codecs::codec::h265::dpb: Removing unused pictures from DPB.
11-06 07:32:46.357 14370 16701 D cros-codecs: cros_codecs::codec::h265::dpb: Retaining pic POC: 0: false
11-06 07:32:46.357 14370 16701 D cros-codecs: cros_codecs::codec::h265::dpb: Retaining pic POC: 1: true
11-06 07:32:46.357 14370 16701 D cros-codecs: cros_codecs::decoder::stateless::h265: Melanie: Adding POCs [] to the ready queue before decoding
11-06 07:32:46.357 14370 16701 D cros-codecs: cros_codecs::decoder::stateless::h265: Processing NALU TrailR, length is 935
11-06 07:32:46.357 14370 16701 D cros-codecs: cros_codecs::codec::h265::parser: Parsed slice TrailR, NAL size was 935
11-06 07:32:46.357 14370 16701 D cros-codecs: cros_codecs::decoder::stateless::h265: Processing NALU TrailR, length is 2134
11-06 07:32:46.357 14370 16701 D cros-codecs: cros_codecs::codec::h265::parser: Parsed slice TrailR, NAL size was 2134
11-06 07:32:46.357 14370 16701 D cros-codecs: cros_codecs::decoder::stateless::h265: Finishing picture POC 2
11-06 07:32:46.357 14370 16701 I iHD     : Melanie: Inside MediaLibvaInterfaceNext: BeginPicture called
11-06 07:32:46.358 14370 16701 I iHD     : Melanie: Inside DDI: RenderPicture buffers=5
11-06 07:32:46.358 14370 16701 I iHD     : Melanie: Inside HEVC RefFrames UpdateRefCachePolicy
11-06 07:32:46.358 14370 16701 I iHD     : Melanie: Inside HEVC BasicFeature: SetSliceStructs
11-06 07:32:46.358 14370 16701 I iHD     : Melanie: Inside HEVC BasicFeature: Update
11-06 07:32:46.358 14370 16701 I iHD     : Melanie: Inside DDI: EndPicture ctx=0x7365ece168e0
11-06 07:32:46.359 14370 16701 E cros-codecs: cros_codecs::decoder::stateless::h265: Melanie: SUBMIT PICTURE 
11-06 07:32:46.359 14370 16701 E cros-codecs: cros_codecs::decoder::stateless::h265: Melanie: Timestamp: 3
11-06 07:32:46.359 14370 16701 E cros-codecs: cros_codecs::decoder::stateless::h265: Melanie: STORE IN DPB POC 2 
11-06 07:32:46.359 14370 16701 E cros-codecs: cros_codecs::decoder::stateless::h265: Melanie: timestamp 3
11-06 07:32:46.359 14370 16701 D cros-codecs: cros_codecs::codec::h265::dpb: Stored picture POC 2, the DPB length is 1
11-06 07:32:46.359 14370 16701 D cros-codecs: cros_codecs::codec::h265::picture: Set reference of POC 2 to ShortTerm
11-06 07:32:46.359 14370 16701 D cros-codecs: cros_codecs::codec::h265::dpb: Bumping POC 2 from the dpb
11-06 07:32:46.359 14370 16701 E cros-codecs: cros_codecs::decoder::stateless::h265: Melanie: BUMPED POC 2: timestamp3
11-06 07:32:46.359 14370 16701 D cros-codecs: cros_codecs::decoder::stateless::h265: Melanie: Adding POCs [2] to the ready queue after decoding
11-06 07:32:46.359 14370 16701 E cros-codecs: cros_codecs::decoder::stateless::h265: Melanie: ADDED TO READY QUEUE POC 2
11-06 07:32:46.360 14370 16701 D cros-codecs: cros_codecs_c2_ffi::backend::real::allocation: Converted an ffi::Native2DBuffer to a GenericDmaVideoFrame; cros_codecs_dma_buf.token.get_id() = 230, cros_codecs_dma_buf.token.get_size() = Size { width: 1280, height: 768 }
11-06 07:32:46.360 14370 16701 D cros-codecs: cros_codecs::decoder::stateless::h265: Decode picture POC 3
11-06 07:32:46.360 14370 16701 D cros-codecs: cros_codecs::codec::h265::dpb: find_short_term_ref_by_poc: 2, found position Some(1)
11-06 07:32:46.360 14370 16701 D cros-codecs: cros_codecs::codec::h265::picture: Set reference of POC 1 to None
11-06 07:32:46.360 14370 16701 W cros-codecs: cros_codecs::decoder::stateless::h265: The total RPS length 1 is not the same as the DPB length 2
11-06 07:32:46.360 14370 16701 W cros-codecs: cros_codecs::decoder::stateless::h265: A reference pic may be in more than one RPS list. This is against the specification. See 8.3.2. NOTE 5
11-06 07:32:46.360 14370 16701 D cros-codecs: cros_codecs::codec::h265::dpb: Removing unused pictures from DPB.
11-06 07:32:46.360 14370 16701 D cros-codecs: cros_codecs::codec::h265::dpb: Retaining pic POC: 1: false
11-06 07:32:46.360 14370 16701 D cros-codecs: cros_codecs::codec::h265::dpb: Retaining pic POC: 2: true
11-06 07:32:46.360 14370 16701 D cros-codecs: cros_codecs::decoder::stateless::h265: Melanie: Adding POCs [] to the ready queue before decoding
11-06 07:32:46.360 14370 16701 D cros-codecs: cros_codecs::decoder::stateless::h265: Processing NALU TrailR, length is 932
11-06 07:32:46.361 14370 16701 D cros-codecs: cros_codecs::codec::h265::parser: Parsed slice TrailR, NAL size was 932
11-06 07:32:46.361 14370 16701 D cros-codecs: cros_codecs::decoder::stateless::h265: Processing NALU TrailR, length is 2850
11-06 07:32:46.361 14370 16701 D cros-codecs: cros_codecs::codec::h265::parser: Parsed slice TrailR, NAL size was 2850
11-06 07:32:46.361 14370 16701 D cros-codecs: cros_codecs::decoder::stateless::h265: Finishing picture POC 3
11-06 07:32:46.361 14370 16701 I iHD     : Melanie: Inside MediaLibvaInterfaceNext: BeginPicture called
11-06 07:32:46.361 14370 16701 I iHD     : Melanie: Inside DDI: RenderPicture buffers=5
11-06 07:32:46.361 14370 16701 I iHD     : Melanie: Inside HEVC RefFrames UpdateRefCachePolicy
11-06 07:32:46.361 14370 16701 I iHD     : Melanie: Inside HEVC BasicFeature: SetSliceStructs
11-06 07:32:46.361 14370 16701 I iHD     : Melanie: Inside HEVC BasicFeature: Update
11-06 07:32:46.362 14370 16701 I iHD     : Melanie: Inside DDI: EndPicture ctx=0x7365ece168e0
11-06 07:32:46.362 14370 16701 E cros-codecs: cros_codecs::decoder::stateless::h265: Melanie: SUBMIT PICTURE 
11-06 07:32:46.362 14370 16701 E cros-codecs: cros_codecs::decoder::stateless::h265: Melanie: Timestamp: 4
11-06 07:32:46.362 14370 16701 E cros-codecs: cros_codecs::decoder::stateless::h265: Melanie: STORE IN DPB POC 3 
11-06 07:32:46.362 14370 16701 E cros-codecs: cros_codecs::decoder::stateless::h265: Melanie: timestamp 4
11-06 07:32:46.362 14370 16701 D cros-codecs: cros_codecs::codec::h265::dpb: Stored picture POC 3, the DPB length is 1
11-06 07:32:46.362 14370 16701 D cros-codecs: cros_codecs::codec::h265::picture: Set reference of POC 3 to ShortTerm
11-06 07:32:46.362 14370 16701 D cros-codecs: cros_codecs::codec::h265::dpb: Bumping POC 3 from the dpb
11-06 07:32:46.362 14370 16701 E cros-codecs: cros_codecs::decoder::stateless::h265: Melanie: BUMPED POC 3: timestamp4
11-06 07:32:46.362 14370 16701 D cros-codecs: cros_codecs::decoder::stateless::h265: Melanie: Adding POCs [3] to the ready queue after decoding
11-06 07:32:46.362 14370 16701 E cros-codecs: cros_codecs::decoder::stateless::h265: Melanie: ADDED TO READY QUEUE POC 3
11-06 07:32:46.363 14370 16701 D cros-codecs: cros_codecs_c2_ffi::backend::real::allocation: Converted an ffi::Native2DBuffer to a GenericDmaVideoFrame; cros_codecs_dma_buf.token.get_id() = 231, cros_codecs_dma_buf.token.get_size() = Size { width: 1280, height: 768 }
11-06 07:32:46.364 14370 16701 D cros-codecs: cros_codecs::decoder::stateless::h265: Decode picture POC 4
11-06 07:32:46.364 14370 16701 D cros-codecs: cros_codecs::codec::h265::dpb: find_short_term_ref_by_poc: 3, found position Some(1)
11-06 07:32:46.364 14370 16701 D cros-codecs: cros_codecs::codec::h265::picture: Set reference of POC 2 to None
11-06 07:32:46.364 14370 16701 W cros-codecs: cros_codecs::decoder::stateless::h265: The total RPS length 1 is not the same as the DPB length 2
11-06 07:32:46.364 14370 16701 W cros-codecs: cros_codecs::decoder::stateless::h265: A reference pic may be in more than one RPS list. This is against the specification. See 8.3.2. NOTE 5
11-06 07:32:46.364 14370 16701 D cros-codecs: cros_codecs::codec::h265::dpb: Removing unused pictures from DPB.
11-06 07:32:46.364 14370 16701 D cros-codecs: cros_codecs::codec::h265::dpb: Retaining pic POC: 2: false
11-06 07:32:46.364 14370 16701 D cros-codecs: cros_codecs::codec::h265::dpb: Retaining pic POC: 3: true
11-06 07:32:46.364 14370 16701 D cros-codecs: cros_codecs::decoder::stateless::h265: Melanie: Adding POCs [] to the ready queue before decoding
11-06 07:32:46.364 14370 16701 D cros-codecs: cros_codecs::decoder::stateless::h265: Processing NALU TrailR, length is 1048
11-06 07:32:46.364 14370 16701 D cros-codecs: cros_codecs::codec::h265::parser: Parsed slice TrailR, NAL size was 1048
11-06 07:32:46.364 14370 16701 D cros-codecs: cros_codecs::decoder::stateless::h265: Processing NALU TrailR, length is 4193
11-06 07:32:46.364 14370 16701 D cros-codecs: cros_codecs::codec::h265::parser: Parsed slice TrailR, NAL size was 4193
11-06 07:32:46.364 14370 16701 D cros-codecs: cros_codecs::decoder::stateless::h265: Finishing picture POC 4
11-06 07:32:46.364 14370 16701 I iHD     : Melanie: Inside MediaLibvaInterfaceNext: BeginPicture called
11-06 07:32:46.364 14370 16701 I iHD     : Melanie: Inside DDI: RenderPicture buffers=5
11-06 07:32:46.364 14370 16701 I iHD     : Melanie: Inside HEVC RefFrames UpdateRefCachePolicy
11-06 07:32:46.365 14370 16701 I iHD     : Melanie: Inside HEVC BasicFeature: SetSliceStructs
11-06 07:32:46.365 14370 16701 I iHD     : Melanie: Inside HEVC BasicFeature: Update
11-06 07:32:46.365 14370 16701 I iHD     : Melanie: Inside DDI: EndPicture ctx=0x7365ece168e0
11-06 07:32:46.365 14370 16701 E cros-codecs: cros_codecs::decoder::stateless::h265: Melanie: SUBMIT PICTURE 
11-06 07:32:46.365 14370 16701 E cros-codecs: cros_codecs::decoder::stateless::h265: Melanie: Timestamp: 5
11-06 07:32:46.365 14370 16701 E cros-codecs: cros_codecs::decoder::stateless::h265: Melanie: STORE IN DPB POC 4 
11-06 07:32:46.365 14370 16701 E cros-codecs: cros_codecs::decoder::stateless::h265: Melanie: timestamp 5
11-06 07:32:46.365 14370 16701 D cros-codecs: cros_codecs::codec::h265::dpb: Stored picture POC 4, the DPB length is 1
11-06 07:32:46.365 14370 16701 D cros-codecs: cros_codecs::codec::h265::picture: Set reference of POC 4 to ShortTerm
11-06 07:32:46.365 14370 16701 D cros-codecs: cros_codecs::codec::h265::dpb: Bumping POC 4 from the dpb
11-06 07:32:46.365 14370 16701 E cros-codecs: cros_codecs::decoder::stateless::h265: Melanie: BUMPED POC 4: timestamp5
11-06 07:32:46.366 14370 16701 D cros-codecs: cros_codecs::decoder::stateless::h265: Melanie: Adding POCs [4] to the ready queue after decoding
11-06 07:32:46.366 14370 16701 E cros-codecs: cros_codecs::decoder::stateless::h265: Melanie: ADDED TO READY QUEUE POC 4
11-06 07:32:46.367 14370 16701 D cros-codecs: cros_codecs_c2_ffi::backend::real::allocation: Converted an ffi::Native2DBuffer to a GenericDmaVideoFrame; cros_codecs_dma_buf.token.get_id() = 232, cros_codecs_dma_buf.token.get_size() = Size { width: 1280, height: 768 }
11-06 07:32:46.367 14370 16701 D cros-codecs: cros_codecs::decoder::stateless::h265: Decode picture POC 5
11-06 07:32:46.367 14370 16701 D cros-codecs: cros_codecs::codec::h265::dpb: find_short_term_ref_by_poc: 4, found position Some(1)
11-06 07:32:46.367 14370 16701 D cros-codecs: cros_codecs::codec::h265::picture: Set reference of POC 3 to None
11-06 07:32:46.367 14370 16701 W cros-codecs: cros_codecs::decoder::stateless::h265: The total RPS length 1 is not the same as the DPB length 2
11-06 07:32:46.367 14370 16701 W cros-codecs: cros_codecs::decoder::stateless::h265: A reference pic may be in more than one RPS list. This is against the specification. See 8.3.2. NOTE 5
11-06 07:32:46.367 14370 16701 D cros-codecs: cros_codecs::codec::h265::dpb: Removing unused pictures from DPB.
11-06 07:32:46.367 14370 16701 D cros-codecs: cros_codecs::codec::h265::dpb: Retaining pic POC: 3: false
11-06 07:32:46.367 14370 16701 D cros-codecs: cros_codecs::codec::h265::dpb: Retaining pic POC: 4: true
11-06 07:32:46.367 14370 16701 D cros-codecs: cros_codecs::decoder::stateless::h265: Melanie: Adding POCs [] to the ready queue before decoding
11-06 07:32:46.367 14370 16701 D cros-codecs: cros_codecs::decoder::stateless::h265: Processing NALU TrailR, length is 1733
11-06 07:32:46.367 14370 16701 D cros-codecs: cros_codecs::codec::h265::parser: Parsed slice TrailR, NAL size was 1733
11-06 07:32:46.367 14370 16701 D cros-codecs: cros_codecs::decoder::stateless::h265: Processing NALU TrailR, length is 5361
11-06 07:32:46.367 14370 16701 D cros-codecs: cros_codecs::codec::h265::parser: Parsed slice TrailR, NAL size was 5361
11-06 07:32:46.367 14370 16701 D cros-codecs: cros_codecs::decoder::stateless::h265: Finishing picture POC 5
11-06 07:32:46.367 14370 16701 I iHD     : Melanie: Inside MediaLibvaInterfaceNext: BeginPicture called
11-06 07:32:46.367 14370 16701 I iHD     : Melanie: Inside DDI: RenderPicture buffers=5
11-06 07:32:46.367 14370 16701 I iHD     : Melanie: Inside HEVC RefFrames UpdateRefCachePolicy
11-06 07:32:46.367 14370 16701 I iHD     : Melanie: Inside HEVC BasicFeature: SetSliceStructs
11-06 07:32:46.367 14370 16701 I iHD     : Melanie: Inside HEVC BasicFeature: Update
11-06 07:32:46.368 14370 16701 I iHD     : Melanie: Inside DDI: EndPicture ctx=0x7365ece168e0
11-06 07:32:46.368 14370 16701 E cros-codecs: cros_codecs::decoder::stateless::h265: Melanie: SUBMIT PICTURE 
11-06 07:32:46.368 14370 16701 E cros-codecs: cros_codecs::decoder::stateless::h265: Melanie: Timestamp: 6
11-06 07:32:46.368 14370 16701 E cros-codecs: cros_codecs::decoder::stateless::h265: Melanie: STORE IN DPB POC 5 
11-06 07:32:46.368 14370 16701 E cros-codecs: cros_codecs::decoder::stateless::h265: Melanie: timestamp 6
11-06 07:32:46.368 14370 16701 D cros-codecs: cros_codecs::codec::h265::dpb: Stored picture POC 5, the DPB length is 1
11-06 07:32:46.368 14370 16701 D cros-codecs: cros_codecs::codec::h265::picture: Set reference of POC 5 to ShortTerm
11-06 07:32:46.368 14370 16701 D cros-codecs: cros_codecs::codec::h265::dpb: Bumping POC 5 from the dpb
11-06 07:32:46.368 14370 16701 E cros-codecs: cros_codecs::decoder::stateless::h265: Melanie: BUMPED POC 5: timestamp6
11-06 07:32:46.368 14370 16701 D cros-codecs: cros_codecs::decoder::stateless::h265: Melanie: Adding POCs [5] to the ready queue after decoding
11-06 07:32:46.369 14370 16701 E cros-codecs: cros_codecs::decoder::stateless::h265: Melanie: ADDED TO READY QUEUE POC 5
11-06 07:32:46.370 14370 16701 D cros-codecs: cros_codecs_c2_ffi::backend::real::allocation: Converted an ffi::Native2DBuffer to a GenericDmaVideoFrame; cros_codecs_dma_buf.token.get_id() = 233, cros_codecs_dma_buf.token.get_size() = Size { width: 1280, height: 768 }
11-06 07:32:46.370 14370 16701 D cros-codecs: cros_codecs::decoder::stateless::h265: Decode picture POC 6
11-06 07:32:46.370 14370 16701 D cros-codecs: cros_codecs::codec::h265::dpb: find_short_term_ref_by_poc: 5, found position Some(1)
11-06 07:32:46.370 14370 16701 D cros-codecs: cros_codecs::codec::h265::picture: Set reference of POC 4 to None
11-06 07:32:46.370 14370 16701 W cros-codecs: cros_codecs::decoder::stateless::h265: The total RPS length 1 is not the same as the DPB length 2
11-06 07:32:46.370 14370 16701 W cros-codecs: cros_codecs::decoder::stateless::h265: A reference pic may be in more than one RPS list. This is against the specification. See 8.3.2. NOTE 5
11-06 07:32:46.370 14370 16701 D cros-codecs: cros_codecs::codec::h265::dpb: Removing unused pictures from DPB.
11-06 07:32:46.370 14370 16701 D cros-codecs: cros_codecs::codec::h265::dpb: Retaining pic POC: 4: false
11-06 07:32:46.370 14370 16701 D cros-codecs: cros_codecs::codec::h265::dpb: Retaining pic POC: 5: true
11-06 07:32:46.370 14370 16701 D cros-codecs: cros_codecs::decoder::stateless::h265: Melanie: Adding POCs [] to the ready queue before decoding
11-06 07:32:46.370 14370 16701 D cros-codecs: cros_codecs::decoder::stateless::h265: Processing NALU TrailR, length is 2323
11-06 07:32:46.370 14370 16701 D cros-codecs: cros_codecs::codec::h265::parser: Parsed slice TrailR, NAL size was 2323
11-06 07:32:46.370 14370 16701 D cros-codecs: cros_codecs::decoder::stateless::h265: Processing NALU TrailR, length is 2998
11-06 07:32:46.370 14370 16701 D cros-codecs: cros_codecs::codec::h265::parser: Parsed slice TrailR, NAL size was 2998
11-06 07:32:46.370 14370 16701 D cros-codecs: cros_codecs::decoder::stateless::h265: Finishing picture POC 6
11-06 07:32:46.370 14370 16701 I iHD     : Melanie: Inside MediaLibvaInterfaceNext: BeginPicture called
11-06 07:32:46.370 14370 16701 I iHD     : Melanie: Inside DDI: RenderPicture buffers=5
11-06 07:32:46.370 14370 16701 I iHD     : Melanie: Inside HEVC RefFrames UpdateRefCachePolicy
11-06 07:32:46.370 14370 16701 I iHD     : Melanie: Inside HEVC BasicFeature: SetSliceStructs
11-06 07:32:46.370 14370 16701 I iHD     : Melanie: Inside HEVC BasicFeature: Update
11-06 07:32:46.371 14370 16701 I iHD     : Melanie: Inside DDI: EndPicture ctx=0x7365ece168e0
11-06 07:32:46.371 14370 16701 E cros-codecs: cros_codecs::decoder::stateless::h265: Melanie: SUBMIT PICTURE 
11-06 07:32:46.371 14370 16701 E cros-codecs: cros_codecs::decoder::stateless::h265: Melanie: Timestamp: 7
11-06 07:32:46.371 14370 16701 E cros-codecs: cros_codecs::decoder::stateless::h265: Melanie: STORE IN DPB POC 6 
11-06 07:32:46.371 14370 16701 E cros-codecs: cros_codecs::decoder::stateless::h265: Melanie: timestamp 7
11-06 07:32:46.371 14370 16701 D cros-codecs: cros_codecs::codec::h265::dpb: Stored picture POC 6, the DPB length is 1
11-06 07:32:46.371 14370 16701 D cros-codecs: cros_codecs::codec::h265::picture: Set reference of POC 6 to ShortTerm
11-06 07:32:46.372 14370 16701 D cros-codecs: cros_codecs::codec::h265::dpb: Bumping POC 6 from the dpb
11-06 07:32:46.372 14370 16701 E cros-codecs: cros_codecs::decoder::stateless::h265: Melanie: BUMPED POC 6: timestamp7
11-06 07:32:46.372 14370 16701 D cros-codecs: cros_codecs::decoder::stateless::h265: Melanie: Adding POCs [6] to the ready queue after decoding
11-06 07:32:46.372 14370 16701 E cros-codecs: cros_codecs::decoder::stateless::h265: Melanie: ADDED TO READY QUEUE POC 6
11-06 07:32:46.373 14370 16701 D cros-codecs: cros_codecs_c2_ffi::backend::real::allocation: Converted an ffi::Native2DBuffer to a GenericDmaVideoFrame; cros_codecs_dma_buf.token.get_id() = 234, cros_codecs_dma_buf.token.get_size() = Size { width: 1280, height: 768 }
11-06 07:32:46.373 14370 16701 D cros-codecs: cros_codecs::decoder::stateless::h265: Decode picture POC 7
11-06 07:32:46.373 14370 16701 D cros-codecs: cros_codecs::codec::h265::dpb: find_short_term_ref_by_poc: 6, found position Some(1)
11-06 07:32:46.373 14370 16701 D cros-codecs: cros_codecs::codec::h265::picture: Set reference of POC 5 to None
11-06 07:32:46.373 14370 16701 W cros-codecs: cros_codecs::decoder::stateless::h265: The total RPS length 1 is not the same as the DPB length 2
11-06 07:32:46.373 14370 16701 W cros-codecs: cros_codecs::decoder::stateless::h265: A reference pic may be in more than one RPS list. This is against the specification. See 8.3.2. NOTE 5
11-06 07:32:46.373 14370 16701 D cros-codecs: cros_codecs::codec::h265::dpb: Removing unused pictures from DPB.
11-06 07:32:46.373 14370 16701 D cros-codecs: cros_codecs::codec::h265::dpb: Retaining pic POC: 5: false
11-06 07:32:46.373 14370 16701 D cros-codecs: cros_codecs::codec::h265::dpb: Retaining pic POC: 6: true
11-06 07:32:46.373 14370 16701 D cros-codecs: cros_codecs::decoder::stateless::h265: Melanie: Adding POCs [] to the ready queue before decoding
11-06 07:32:46.373 14370 16701 D cros-codecs: cros_codecs::decoder::stateless::h265: Processing NALU TrailR, length is 1200
11-06 07:32:46.373 14370 16701 D cros-codecs: cros_codecs::codec::h265::parser: Parsed slice TrailR, NAL size was 1200
11-06 07:32:46.374 14370 16701 D cros-codecs: cros_codecs::decoder::stateless::h265: Processing NALU TrailR, length is 3479
11-06 07:32:46.374 14370 16701 D cros-codecs: cros_codecs::codec::h265::parser: Parsed slice TrailR, NAL size was 3479
11-06 07:32:46.374 14370 16701 D cros-codecs: cros_codecs::decoder::stateless::h265: Finishing picture POC 7
11-06 07:32:46.374 14370 16701 I iHD     : Melanie: Inside MediaLibvaInterfaceNext: BeginPicture called
11-06 07:32:46.374 14370 16701 I iHD     : Melanie: Inside DDI: RenderPicture buffers=5
