11-06 07:32:46.431 14370 16701 E cros-codecs: cros_codecs::decoder::stateless::h265: Melanie: timestamp 18
11-06 07:32:46.431 14370 16701 D cros-codecs: cros_codecs::codec::h265::dpb: Stored picture POC 17, the DPB length is 1
11-06 07:32:46.431 14370 16701 D cros-codecs: cros_codecs::codec::h265::picture: Set reference of POC 17 to ShortTerm
11-06 07:32:46.431 14370 16701 D cros-codecs: cros_codecs::codec::h265::dpb: Bumping POC 17 from the dpb
11-06 07:32:46.431 14370 16701 E cros-codecs: cros_codecs::decoder::stateless::h265: Melanie: BUMPED POC 17: timestamp18
11-06 07:32:46.431 14370 16701 D cros-codecs: cros_codecs::decoder::stateless::h265: Melanie: Adding POCs [17] to the ready queue after decoding
11-06 07:32:46.431 14370 16701 E cros-codecs: cros_codecs::decoder::stateless::h265: Melanie: ADDED TO READY QUEUE POC 17
11-06 07:32:46.432 14370 16701 D cros-codecs: cros_codecs_c2_ffi::backend::real::allocation: Converted an ffi::Native2DBuffer to a GenericDmaVideoFrame; cros_codecs_dma_buf.token.get_id() = 254, cros_codecs_dma_buf.token.get_size() = Size { width: 1280, height: 768 }
11-06 07:32:46.432 14370 16701 D cros-codecs: cros_codecs::decoder::stateless::h265: Decode picture POC 18
11-06 07:32:46.432 14370 16701 D cros-codecs: cros_codecs::codec::h265::dpb: find_short_term_ref_by_poc: 17, found position Some(1)
11-06 07:32:46.432 14370 16701 D cros-codecs: cros_codecs::codec::h265::picture: Set reference of POC 16 to None
11-06 07:32:46.432 14370 16701 W cros-codecs: cros_codecs::decoder::stateless::h265: The total RPS length 1 is not the same as the DPB length 2
11-06 07:32:46.432 14370 16701 W cros-codecs: cros_codecs::decoder::stateless::h265: A reference pic may be in more than one RPS list. This is against the specification. See 8.3.2. NOTE 5
11-06 07:32:46.432 14370 16701 D cros-codecs: cros_codecs::codec::h265::dpb: Removing unused pictures from DPB.
11-06 07:32:46.432 14370 16701 D cros-codecs: cros_codecs::codec::h265::dpb: Retaining pic POC: 16: false
11-06 07:32:46.432 14370 16701 D cros-codecs: cros_codecs::codec::h265::dpb: Retaining pic POC: 17: true
11-06 07:32:46.432 14370 16701 D cros-codecs: cros_codecs::decoder::stateless::h265: Melanie: Adding POCs [] to the ready queue before decoding
11-06 07:32:46.432 14370 16701 D cros-codecs: cros_codecs::decoder::stateless::h265: Processing NALU TrailR, length is 2215
11-06 07:32:46.433 14370 16701 D cros-codecs: cros_codecs::codec::h265::parser: Parsed slice TrailR, NAL size was 2215
11-06 07:32:46.433 14370 16701 D cros-codecs: cros_codecs::decoder::stateless::h265: Processing NALU TrailR, length is 4468
11-06 07:32:46.433 14370 16701 D cros-codecs: cros_codecs::codec::h265::parser: Parsed slice TrailR, NAL size was 4468
11-06 07:32:46.433 14370 16701 D cros-codecs: cros_codecs::decoder::stateless::h265: Finishing picture POC 18
11-06 07:32:46.433 14370 16701 I iHD     : Melanie: Inside MediaLibvaInterfaceNext: BeginPicture called
11-06 07:32:46.433 14370 16701 I iHD     : Melanie: Inside DDI: RenderPicture buffers=5
11-06 07:32:46.433 14370 16701 I iHD     : Melanie: Inside HEVC RefFrames UpdateRefCachePolicy
11-06 07:32:46.433 14370 16701 I iHD     : Melanie: Inside HEVC BasicFeature: SetSliceStructs
11-06 07:32:46.433 14370 16701 I iHD     : Melanie: Inside HEVC BasicFeature: Update
11-06 07:32:46.433 14370 16670 D cros-codecs: cros_codecs_c2_ffi: cros_codecs_c2_ffi::C2ComponentDelegate<cros_codecs_c2_ffi::ffi::DecoderWork>::queue(); work_items.len() = 1
11-06 07:32:46.433 14370 16670 D cros-codecs: cros_codecs_c2_ffi::backend::real::decoder: Created cros-codecs decode job; cros_codecs_decode_job.input.len() = 5908, cros_codecs_decode_job.timestamp = 21, cros_codecs_decode_job.drain = NoDrain, cros_codecs_decode_job.coded_specific_data = false, work.get_timestamp() = 666660, work.get_frame_index()= 21
11-06 07:32:46.433 16637 16645 D CCodecBuffers: [c2.cros-codecs.vaapi.hevc.decoder#316:1D-Input.Impl[N]] codec released a buffer owned by client (index 2)
11-06 07:32:46.433 14370 16701 I iHD     : Melanie: Inside DDI: EndPicture ctx=0x7365ece168e0
11-06 07:32:46.433 14370 16701 E cros-codecs: cros_codecs::decoder::stateless::h265: Melanie: SUBMIT PICTURE 
11-06 07:32:46.433 14370 16701 E cros-codecs: cros_codecs::decoder::stateless::h265: Melanie: Timestamp: 19
11-06 07:32:46.433 14370 16701 E cros-codecs: cros_codecs::decoder::stateless::h265: Melanie: STORE IN DPB POC 18 
11-06 07:32:46.433 14370 16701 E cros-codecs: cros_codecs::decoder::stateless::h265: Melanie: timestamp 19
11-06 07:32:46.433 14370 16701 D cros-codecs: cros_codecs::codec::h265::dpb: Stored picture POC 18, the DPB length is 1
11-06 07:32:46.433 14370 16701 D cros-codecs: cros_codecs::codec::h265::picture: Set reference of POC 18 to ShortTerm
11-06 07:32:46.433 14370 16701 D cros-codecs: cros_codecs::codec::h265::dpb: Bumping POC 18 from the dpb
11-06 07:32:46.433 16637 16652 I MediaTranscodingTestUtil: Output frame number: 9
11-06 07:32:46.433 14370 16701 E cros-codecs: cros_codecs::decoder::stateless::h265: Melanie: BUMPED POC 18: timestamp19
11-06 07:32:46.433 14370 16701 D cros-codecs: cros_codecs::decoder::stateless::h265: Melanie: Adding POCs [18] to the ready queue after decoding
11-06 07:32:46.433 14370 16701 E cros-codecs: cros_codecs::decoder::stateless::h265: Melanie: ADDED TO READY QUEUE POC 18
11-06 07:32:46.434 14370 16701 D cros-codecs: cros_codecs_c2_ffi::backend::real::allocation: Converted an ffi::Native2DBuffer to a GenericDmaVideoFrame; cros_codecs_dma_buf.token.get_id() = 255, cros_codecs_dma_buf.token.get_size() = Size { width: 1280, height: 768 }
11-06 07:32:46.434 14370 16701 D cros-codecs: cros_codecs::decoder::stateless::h265: Decode picture POC 19
11-06 07:32:46.434 14370 16701 D cros-codecs: cros_codecs::codec::h265::dpb: find_short_term_ref_by_poc: 18, found position Some(1)
11-06 07:32:46.434 14370 16701 D cros-codecs: cros_codecs::codec::h265::picture: Set reference of POC 17 to None
11-06 07:32:46.434 14370 16701 W cros-codecs: cros_codecs::decoder::stateless::h265: The total RPS length 1 is not the same as the DPB length 2
11-06 07:32:46.434 14370 16701 W cros-codecs: cros_codecs::decoder::stateless::h265: A reference pic may be in more than one RPS list. This is against the specification. See 8.3.2. NOTE 5
11-06 07:32:46.434 14370 16701 D cros-codecs: cros_codecs::codec::h265::dpb: Removing unused pictures from DPB.
11-06 07:32:46.434 14370 16701 D cros-codecs: cros_codecs::codec::h265::dpb: Retaining pic POC: 17: false
11-06 07:32:46.434 14370 16701 D cros-codecs: cros_codecs::codec::h265::dpb: Retaining pic POC: 18: true
11-06 07:32:46.435 14370 16701 D cros-codecs: cros_codecs::decoder::stateless::h265: Melanie: Adding POCs [] to the ready queue before decoding
11-06 07:32:46.435 14370 16701 D cros-codecs: cros_codecs::decoder::stateless::h265: Processing NALU TrailR, length is 1669
11-06 07:32:46.435 14370 16701 D cros-codecs: cros_codecs::codec::h265::parser: Parsed slice TrailR, NAL size was 1669
11-06 07:32:46.435 14370 16701 D cros-codecs: cros_codecs::decoder::stateless::h265: Processing NALU TrailR, length is 4451
11-06 07:32:46.435 14370 16701 D cros-codecs: cros_codecs::codec::h265::parser: Parsed slice TrailR, NAL size was 4451
11-06 07:32:46.435 14370 16701 D cros-codecs: cros_codecs::decoder::stateless::h265: Finishing picture POC 19
11-06 07:32:46.435 14370 16701 I iHD     : Melanie: Inside MediaLibvaInterfaceNext: BeginPicture called
11-06 07:32:46.435 14370 16701 I iHD     : Melanie: Inside DDI: RenderPicture buffers=5
11-06 07:32:46.435 14370 16701 I iHD     : Melanie: Inside HEVC RefFrames UpdateRefCachePolicy
11-06 07:32:46.435 14370 16701 I iHD     : Melanie: Inside HEVC BasicFeature: SetSliceStructs
11-06 07:32:46.435 14370 16701 I iHD     : Melanie: Inside HEVC BasicFeature: Update
11-06 07:32:46.435 14370 16701 I iHD     : Melanie: Inside DDI: EndPicture ctx=0x7365ece168e0
11-06 07:32:46.435 14370 16701 E cros-codecs: cros_codecs::decoder::stateless::h265: Melanie: SUBMIT PICTURE 
11-06 07:32:46.435 14370 16701 E cros-codecs: cros_codecs::decoder::stateless::h265: Melanie: Timestamp: 20
11-06 07:32:46.435 14370 16701 E cros-codecs: cros_codecs::decoder::stateless::h265: Melanie: STORE IN DPB POC 19 
11-06 07:32:46.435 14370 16701 E cros-codecs: cros_codecs::decoder::stateless::h265: Melanie: timestamp 20
11-06 07:32:46.435 14370 16701 D cros-codecs: cros_codecs::codec::h265::dpb: Stored picture POC 19, the DPB length is 1
11-06 07:32:46.435 14370 16701 D cros-codecs: cros_codecs::codec::h265::picture: Set reference of POC 19 to ShortTerm
11-06 07:32:46.435 14370 16701 D cros-codecs: cros_codecs::codec::h265::dpb: Bumping POC 19 from the dpb
11-06 07:32:46.435 14370 16701 E cros-codecs: cros_codecs::decoder::stateless::h265: Melanie: BUMPED POC 19: timestamp20
11-06 07:32:46.435 14370 16701 D cros-codecs: cros_codecs::decoder::stateless::h265: Melanie: Adding POCs [19] to the ready queue after decoding
11-06 07:32:46.435 14370 16701 E cros-codecs: cros_codecs::decoder::stateless::h265: Melanie: ADDED TO READY QUEUE POC 19
11-06 07:32:46.437 14370 16701 D cros-codecs: cros_codecs_c2_ffi::backend::real::allocation: Converted an ffi::Native2DBuffer to a GenericDmaVideoFrame; cros_codecs_dma_buf.token.get_id() = 256, cros_codecs_dma_buf.token.get_size() = Size { width: 1280, height: 768 }
11-06 07:32:46.437 14370 16701 D cros-codecs: cros_codecs::decoder::stateless::h265: Decode picture POC 20
11-06 07:32:46.437 14370 16701 D cros-codecs: cros_codecs::codec::h265::dpb: find_short_term_ref_by_poc: 19, found position Some(1)
11-06 07:32:46.437 14370 16701 D cros-codecs: cros_codecs::codec::h265::picture: Set reference of POC 18 to None
11-06 07:32:46.437 14370 16701 W cros-codecs: cros_codecs::decoder::stateless::h265: The total RPS length 1 is not the same as the DPB length 2
11-06 07:32:46.437 14370 16701 W cros-codecs: cros_codecs::decoder::stateless::h265: A reference pic may be in more than one RPS list. This is against the specification. See 8.3.2. NOTE 5
11-06 07:32:46.437 14370 16701 D cros-codecs: cros_codecs::codec::h265::dpb: Removing unused pictures from DPB.
11-06 07:32:46.437 14370 16701 D cros-codecs: cros_codecs::codec::h265::dpb: Retaining pic POC: 18: false
11-06 07:32:46.437 14370 16701 D cros-codecs: cros_codecs::codec::h265::dpb: Retaining pic POC: 19: true
11-06 07:32:46.437 14370 16701 D cros-codecs: cros_codecs::decoder::stateless::h265: Melanie: Adding POCs [] to the ready queue before decoding
11-06 07:32:46.437 14370 16701 D cros-codecs: cros_codecs::decoder::stateless::h265: Processing NALU TrailR, length is 1448
11-06 07:32:46.437 14370 16701 D cros-codecs: cros_codecs::codec::h265::parser: Parsed slice TrailR, NAL size was 1448
11-06 07:32:46.437 14370 16701 E cros-codecs: cros_codecs_c2_ffi: panicked at ./system/cros-codecs/src/c2_wrapper/c2_decoder.rs:332:38:
11-06 07:32:46.437 14370 16701 E cros-codecs: called `Result::unwrap()` on an `Err` value: while syncing picture
11-06 07:32:46.437 14370 16701 E cros-codecs: 
11-06 07:32:46.437 14370 16701 E cros-codecs: Caused by:
11-06 07:32:46.437 14370 16701 E cros-codecs:     internal decoding error
11-06 07:32:46.438   456   456 I tombstoned: received crash request for pid 14370
11-06 07:32:46.438 14370 16670 D cros-codecs: cros_codecs_c2_ffi: cros_codecs_c2_ffi::C2ComponentDelegate<cros_codecs_c2_ffi::ffi::DecoderWork>::queue(); work_items.len() = 1
11-06 07:32:46.438 14370 16670 D cros-codecs: cros_codecs_c2_ffi::backend::real::decoder: Created cros-codecs decode job; cros_codecs_decode_job.input.len() = 15236, cros_codecs_decode_job.timestamp = 22, cros_codecs_decode_job.drain = NoDrain, cros_codecs_decode_job.coded_specific_data = false, work.get_timestamp() = 699993, work.get_frame_index()= 22
11-06 07:32:46.438 16637 16645 D CCodecBuffers: [c2.cros-codecs.vaapi.hevc.decoder#316:1D-Input.Impl[N]] codec released a buffer owned by client (index 3)
11-06 07:32:46.440 14370 16670 D cros-codecs: cros_codecs_c2_ffi: cros_codecs_c2_ffi::C2ComponentDelegate<cros_codecs_c2_ffi::ffi::DecoderWork>::queue(); work_items.len() = 1
11-06 07:32:46.440 14370 16670 D cros-codecs: cros_codecs_c2_ffi::backend::real::decoder: Created cros-codecs decode job; cros_codecs_decode_job.input.len() = 9473, cros_codecs_decode_job.timestamp = 23, cros_codecs_decode_job.drain = NoDrain, cros_codecs_decode_job.coded_specific_data = false, work.get_timestamp() = 733325, work.get_frame_index()= 23
11-06 07:32:46.440 16637 16645 D CCodecBuffers: [c2.cros-codecs.vaapi.hevc.decoder#316:1D-Input.Impl[N]] codec released a buffer owned by client (index 0)
11-06 07:32:46.442 14370 16670 D cros-codecs: cros_codecs_c2_ffi: cros_codecs_c2_ffi::C2ComponentDelegate<cros_codecs_c2_ffi::ffi::DecoderWork>::queue(); work_items.len() = 1
11-06 07:32:46.442 14370 16670 D cros-codecs: cros_codecs_c2_ffi::backend::real::decoder: Created cros-codecs decode job; cros_codecs_decode_job.input.len() = 2176, cros_codecs_decode_job.timestamp = 24, cros_codecs_decode_job.drain = NoDrain, cros_codecs_decode_job.coded_specific_data = false, work.get_timestamp() = 766659, work.get_frame_index()= 24
11-06 07:32:46.443 14370 16701 W libc    : Access denied finding property "ro.misctrl.16kb_before"
11-06 07:32:46.443 14370 16670 D cros-codecs: cros_codecs_c2_ffi: cros_codecs_c2_ffi::C2ComponentDelegate<cros_codecs_c2_ffi::ffi::DecoderWork>::queue(); work_items.len() = 1
11-06 07:32:46.443 14370 16670 D cros-codecs: cros_codecs_c2_ffi::backend::real::decoder: Created cros-codecs decode job; cros_codecs_decode_job.input.len() = 5038, cros_codecs_decode_job.timestamp = 25, cros_codecs_decode_job.drain = NoDrain, cros_codecs_decode_job.coded_specific_data = false, work.get_timestamp() = 799991, work.get_frame_index()= 25
11-06 07:32:46.444 14370 16670 D cros-codecs: cros_codecs_c2_ffi: cros_codecs_c2_ffi::C2ComponentDelegate<cros_codecs_c2_ffi::ffi::DecoderWork>::queue(); work_items.len() = 1
11-06 07:32:46.445 14370 16670 D cros-codecs: cros_codecs_c2_ffi::backend::real::decoder: Created cros-codecs decode job; cros_codecs_decode_job.input.len() = 5691, cros_codecs_decode_job.timestamp = 26, cros_codecs_decode_job.drain = NoDrain, cros_codecs_decode_job.coded_specific_data = false, work.get_timestamp() = 833325, work.get_frame_index()= 26
11-06 07:32:46.527 14370 16701 F DEBUG   : *** *** *** *** *** *** *** *** *** *** *** *** *** *** *** ***
11-06 07:32:46.527 14370 16701 F DEBUG   : Build fingerprint: 'google/fatcat/fatcat:Baklava/MAIN/14389331:userdebug/test-keys'
11-06 07:32:46.527 14370 16701 F DEBUG   : Kernel Release: '6.12.52-android16-5-gd0f313fd3e01-ab14355454'
11-06 07:32:46.527 14370 16701 F DEBUG   : Revision: '0'
11-06 07:32:46.527 14370 16701 F DEBUG   : ABI: 'x86_64'
11-06 07:32:46.527 14370 16701 F DEBUG   : Timestamp: 2025-11-06 07:32:46.443115729+0000
11-06 07:32:46.527 14370 16701 F DEBUG   : Process uptime: 237s
11-06 07:32:46.527 14370 16701 F DEBUG   : Executable: /vendor/bin/hw/android.hardware.media.c2-cros-codecs-service
11-06 07:32:46.528 14370 16701 F DEBUG   : Cmdline: /vendor/bin/hw/android.hardware.media.c2-cros-codecs-service
11-06 07:32:46.528 14370 16701 F DEBUG   : pid: 14370, tid: 16701, name: binder:14370_3  >>> /vendor/bin/hw/android.hardware.media.c2-cros-codecs-service <<<
11-06 07:32:46.528 14370 16701 F DEBUG   : uid: 1046
11-06 07:32:46.528 14370 16701 F DEBUG   : signal 6 (SIGABRT), code -1 (SI_QUEUE), fault addr --------
11-06 07:32:46.528 14370 16701 F DEBUG   : Abort message: 'called `Result::unwrap()` on an `Err` value: while syncing picture
11-06 07:32:46.528 14370 16701 F DEBUG   : 
11-06 07:32:46.528 14370 16701 F DEBUG   : Caused by:
11-06 07:32:46.528 14370 16701 F DEBUG   :     internal decoding error'
11-06 07:32:46.528 14370 16701 F DEBUG   :     rax 0000000000000000  rbx 0000000000003822  rcx e9ed9baa9155944b  rdx 0000000000000006
11-06 07:32:46.528 14370 16701 F DEBUG   :     r8  0000736510d967e8  r9  0000736510d967e8  r10 0000736510d96730  r11 00007367c08acd38
11-06 07:32:46.528 14370 16701 F DEBUG   :     r12 0000593910d7c140  r13 0000593910d74298  r14 000000000000413d  r15 0000000000000001
11-06 07:32:46.528 14370 16701 F DEBUG   :     rdi 0000000000003822  rsi 000000000000413d
11-06 07:32:46.528 14370 16701 F DEBUG   :     rbp 0000736510d967d0  rsp 0000736510d96730  rip 00007367c08f8b19  err 0000000000000000
11-06 07:32:46.528 14370 16701 F DEBUG   : 17 total frames
11-06 07:32:46.528 14370 16701 F DEBUG   : backtrace:
11-06 07:32:46.528 14370 16701 F DEBUG   :       #00 pc 0000000000071b19  /apex/com.android.runtime/lib64/bionic/libc.so (abort+185) (BuildId: 164c71cc2f4c2656ec12a7055163676d)
11-06 07:32:46.528 14370 16701 F DEBUG   :       #01 pc 0000000000199df9  /vendor/bin/hw/android.hardware.media.c2-cros-codecs-service (std::sys::pal::unix::abort_internal+9) (BuildId: 99a2db489b12b39acb1285d2444ce2e5)
11-06 07:32:46.528 14370 16701 F DEBUG   :       #02 pc 00000000001975a8  /vendor/bin/hw/android.hardware.media.c2-cros-codecs-service (std::process::abort+8) (BuildId: 99a2db489b12b39acb1285d2444ce2e5)
11-06 07:32:46.528 14370 16701 F DEBUG   :       #03 pc 00000000001973d9  /vendor/bin/hw/android.hardware.media.c2-cros-codecs-service (__rustc::__rust_abort+9) (BuildId: 99a2db489b12b39acb1285d2444ce2e5)
11-06 07:32:46.528 14370 16701 F DEBUG   :       #04 pc 000000000019879e  /vendor/bin/hw/android.hardware.media.c2-cros-codecs-service (__rustc::__rust_start_panic+14) (BuildId: 99a2db489b12b39acb1285d2444ce2e5)
11-06 07:32:46.528 14370 16701 F DEBUG   :       #05 pc 0000000000197e59  /vendor/bin/hw/android.hardware.media.c2-cros-codecs-service (__rustc::rust_panic+9) (BuildId: 99a2db489b12b39acb1285d2444ce2e5)
11-06 07:32:46.528 14370 16701 F DEBUG   :       #06 pc 0000000000197daf  /vendor/bin/hw/android.hardware.media.c2-cros-codecs-service (std::panicking::rust_panic_with_hook+380) (BuildId: 99a2db489b12b39acb1285d2444ce2e5)
11-06 07:32:46.528 14370 16701 F DEBUG   :       #07 pc 0000000000197ba8  /vendor/bin/hw/android.hardware.media.c2-cros-codecs-service (std::panicking::begin_panic_handler::{closure#0}+152) (BuildId: 99a2db489b12b39acb1285d2444ce2e5)
11-06 07:32:46.528 14370 16701 F DEBUG   :       #08 pc 000000000019783d  /vendor/bin/hw/android.hardware.media.c2-cros-codecs-service (__rustc::rust_begin_unwind+29) (BuildId: 99a2db489b12b39acb1285d2444ce2e5)
11-06 07:32:46.528 14370 16701 F DEBUG   :       #09 pc 00000000000687ef  /vendor/bin/hw/android.hardware.media.c2-cros-codecs-service (core::panicking::panic_fmt+31) (BuildId: 99a2db489b12b39acb1285d2444ce2e5)
11-06 07:32:46.528 14370 16701 F DEBUG   :       #10 pc 000000000009c585  /vendor/bin/hw/android.hardware.media.c2-cros-codecs-service (core::result::unwrap_failed+117) (BuildId: 99a2db489b12b39acb1285d2444ce2e5)
11-06 07:32:46.528 14370 16701 F DEBUG   :       #11 pc 0000000000184081  /vendor/bin/hw/android.hardware.media.c2-cros-codecs-service (<cros_codecs::c2_wrapper::c2_decoder::C2DecoderWorker<cros_codecs::video_frame::generic_dma_video_frame::GenericDmaVideoFrame<cxx::shared_ptr::SharedPtr<cros_codecs_c2_ffi::ffi::Native2DBuffer>>, cros_codecs::c2_wrapper::c2_vaapi_decoder::C2VaapiDecoder>>::check_events+13457) (BuildId: 99a2db489b12b39acb1285d2444ce2e5)
11-06 07:32:46.528 14370 16701 F DEBUG   :       #12 pc 0000000000186b2c  /vendor/bin/hw/android.hardware.media.c2-cros-codecs-service (<cros_codecs::c2_wrapper::c2_decoder::C2DecoderWorker<cros_codecs::video_frame::generic_dma_video_frame::GenericDmaVideoFrame<cxx::shared_ptr::SharedPtr<cros_codecs_c2_ffi::ffi::Native2DBuffer>>, cros_codecs::c2_wrapper::c2_vaapi_decoder::C2VaapiDecoder> as cros_codecs::c2_wrapper::C2Worker<cros_codecs::c2_wrapper::C2DecodeJob<cros_codecs::video_frame::generic_dma_video_frame::GenericDmaVideoFrame<cxx::shared_ptr::SharedPtr<cros_codecs_c2_ffi::ffi::Native2DBuffer>>>>>::process_loop+4796) (BuildId: 99a2db489b12b39acb1285d2444ce2e5)
11-06 07:32:46.528 14370 16701 F DEBUG   :       #13 pc 00000000001231fd  /vendor/bin/hw/android.hardware.media.c2-cros-codecs-service (<<std::thread::Builder>::spawn_unchecked_<<cros_codecs::c2_wrapper::C2Wrapper<cros_codecs::c2_wrapper::C2DecodeJob<cros_codecs::video_frame::generic_dma_video_frame::GenericDmaVideoFrame<cxx::shared_ptr::SharedPtr<cros_codecs_c2_ffi::ffi::Native2DBuffer>>>, cros_codecs::c2_wrapper::c2_decoder::C2DecoderWorker<cros_codecs::video_frame::generic_dma_video_frame::GenericDmaVideoFrame<cxx::shared_ptr::SharedPtr<cros_codecs_c2_ffi::ffi::Native2DBuffer>>, cros_codecs::c2_wrapper::c2_vaapi_decoder::C2VaapiDecoder>>>::new<<cros_codecs_c2_ffi::backend::real::RealDelegateBackend<cros_codecs_c2_ffi::ffi::DecoderWork>>::new::{closure#0}, <cros_codecs_c2_ffi::backend::real::RealDelegateBackend<cros_codecs_c2_ffi::ffi::DecoderWork>>::new::{closure#1}, <cros_codecs_c2_ffi::backend::real::RealDelegateBackend<cros_codecs_c2_ffi::ffi::DecoderWork>>::new::{closure#2}, <cros_codecs_c2_ffi::backend::real::RealDelegateBackend<cros_codecs_c2_ffi::ffi::DecoderWork>>::new::{closure#3}>::{closure#0}, ()>::{closure#1} as core::ops::function::FnOnce<()>>::call_once::{shim:vtable#0}+1789) (BuildId: 99a2db489b12b39acb1285d2444ce2e5)
11-06 07:32:46.528 14370 16701 F DEBUG   :       #14 pc 00000000001997a0  /vendor/bin/hw/android.hardware.media.c2-cros-codecs-service (<std::sys::pal::unix::thread::Thread>::new::thread_start+48) (BuildId: 99a2db489b12b39acb1285d2444ce2e5)
11-06 07:32:46.528 14370 16701 F DEBUG   :       #15 pc 0000000000082f0f  /apex/com.android.runtime/lib64/bionic/libc.so (__pthread_start(void*) (.__uniq.67847048707805468364044055584648682506)+63) (BuildId: 164c71cc2f4c2656ec12a7055163676d)
11-06 07:32:46.528 14370 16701 F DEBUG   :       #16 pc 000000000007539d  /apex/com.android.runtime/lib64/bionic/libc.so (__start_thread+61) (BuildId: 164c71cc2f4c2656ec12a7055163676d)
11-06 07:32:46.535   456   456 E tombstoned: Tombstone written to: tombstone_14
