11-06 07:32:46.374 14370 16701 I iHD     : Melanie: Inside HEVC RefFrames UpdateRefCachePolicy
11-06 07:32:46.374 14370 16701 I iHD     : Melanie: Inside HEVC BasicFeature: SetSliceStructs
11-06 07:32:46.374 14370 16701 I iHD     : Melanie: Inside HEVC BasicFeature: Update
11-06 07:32:46.375 14370 16701 I iHD     : Melanie: Inside DDI: EndPicture ctx=0x7365ece168e0
11-06 07:32:46.375 14370 16701 E cros-codecs: cros_codecs::decoder::stateless::h265: Melanie: SUBMIT PICTURE 
11-06 07:32:46.375 14370 16701 E cros-codecs: cros_codecs::decoder::stateless::h265: Melanie: Timestamp: 8
11-06 07:32:46.375 14370 16701 E cros-codecs: cros_codecs::decoder::stateless::h265: Melanie: STORE IN DPB POC 7 
11-06 07:32:46.375 14370 16701 E cros-codecs: cros_codecs::decoder::stateless::h265: Melanie: timestamp 8
11-06 07:32:46.375 14370 16701 D cros-codecs: cros_codecs::codec::h265::dpb: Stored picture POC 7, the DPB length is 1
11-06 07:32:46.375 14370 16701 D cros-codecs: cros_codecs::codec::h265::picture: Set reference of POC 7 to ShortTerm
11-06 07:32:46.375 14370 16701 D cros-codecs: cros_codecs::codec::h265::dpb: Bumping POC 7 from the dpb
11-06 07:32:46.375 14370 16701 E cros-codecs: cros_codecs::decoder::stateless::h265: Melanie: BUMPED POC 7: timestamp8
11-06 07:32:46.375 14370 16701 D cros-codecs: cros_codecs::decoder::stateless::h265: Melanie: Adding POCs [7] to the ready queue after decoding
11-06 07:32:46.375 14370 16701 E cros-codecs: cros_codecs::decoder::stateless::h265: Melanie: ADDED TO READY QUEUE POC 7
11-06 07:32:46.376 14370 16701 D cros-codecs: cros_codecs_c2_ffi::backend::real::allocation: Converted an ffi::Native2DBuffer to a GenericDmaVideoFrame; cros_codecs_dma_buf.token.get_id() = 235, cros_codecs_dma_buf.token.get_size() = Size { width: 1280, height: 768 }
11-06 07:32:46.376 14370 16701 D cros-codecs: cros_codecs::decoder::stateless::h265: Decode picture POC 8
11-06 07:32:46.376 14370 16701 D cros-codecs: cros_codecs::codec::h265::dpb: find_short_term_ref_by_poc: 7, found position Some(1)
11-06 07:32:46.376 14370 16701 D cros-codecs: cros_codecs::codec::h265::picture: Set reference of POC 6 to None
11-06 07:32:46.376 14370 16701 W cros-codecs: cros_codecs::decoder::stateless::h265: The total RPS length 1 is not the same as the DPB length 2
11-06 07:32:46.376 14370 16701 W cros-codecs: cros_codecs::decoder::stateless::h265: A reference pic may be in more than one RPS list. This is against the specification. See 8.3.2. NOTE 5
11-06 07:32:46.376 14370 16701 D cros-codecs: cros_codecs::codec::h265::dpb: Removing unused pictures from DPB.
11-06 07:32:46.376 14370 16701 D cros-codecs: cros_codecs::codec::h265::dpb: Retaining pic POC: 6: false
11-06 07:32:46.376 14370 16701 D cros-codecs: cros_codecs::codec::h265::dpb: Retaining pic POC: 7: true
11-06 07:32:46.376 14370 16701 D cros-codecs: cros_codecs::decoder::stateless::h265: Melanie: Adding POCs [] to the ready queue before decoding
11-06 07:32:46.376 14370 16701 D cros-codecs: cros_codecs::decoder::stateless::h265: Processing NALU TrailR, length is 1292
11-06 07:32:46.377 14370 16701 D cros-codecs: cros_codecs::codec::h265::parser: Parsed slice TrailR, NAL size was 1292
11-06 07:32:46.377 14370 16701 D cros-codecs: cros_codecs::decoder::stateless::h265: Processing NALU TrailR, length is 6599
11-06 07:32:46.377 14370 16701 D cros-codecs: cros_codecs::codec::h265::parser: Parsed slice TrailR, NAL size was 6599
11-06 07:32:46.377 14370 16701 D cros-codecs: cros_codecs::decoder::stateless::h265: Finishing picture POC 8
11-06 07:32:46.377 14370 16701 I iHD     : Melanie: Inside MediaLibvaInterfaceNext: BeginPicture called
11-06 07:32:46.377 14370 16701 I iHD     : Melanie: Inside DDI: RenderPicture buffers=5
11-06 07:32:46.377 14370 16701 I iHD     : Melanie: Inside HEVC RefFrames UpdateRefCachePolicy
11-06 07:32:46.377 14370 16701 I iHD     : Melanie: Inside HEVC BasicFeature: SetSliceStructs
11-06 07:32:46.377 14370 16701 I iHD     : Melanie: Inside HEVC BasicFeature: Update
11-06 07:32:46.378 14370 16701 I iHD     : Melanie: Inside DDI: EndPicture ctx=0x7365ece168e0
11-06 07:32:46.378 14370 16701 E cros-codecs: cros_codecs::decoder::stateless::h265: Melanie: SUBMIT PICTURE 
11-06 07:32:46.378 14370 16701 E cros-codecs: cros_codecs::decoder::stateless::h265: Melanie: Timestamp: 9
11-06 07:32:46.378 14370 16701 E cros-codecs: cros_codecs::decoder::stateless::h265: Melanie: STORE IN DPB POC 8 
11-06 07:32:46.378 14370 16701 E cros-codecs: cros_codecs::decoder::stateless::h265: Melanie: timestamp 9
11-06 07:32:46.378 14370 16701 D cros-codecs: cros_codecs::codec::h265::dpb: Stored picture POC 8, the DPB length is 1
11-06 07:32:46.378 14370 16701 D cros-codecs: cros_codecs::codec::h265::picture: Set reference of POC 8 to ShortTerm
11-06 07:32:46.378 14370 16701 D cros-codecs: cros_codecs::codec::h265::dpb: Bumping POC 8 from the dpb
11-06 07:32:46.378 14370 16701 E cros-codecs: cros_codecs::decoder::stateless::h265: Melanie: BUMPED POC 8: timestamp9
11-06 07:32:46.378 14370 16701 D cros-codecs: cros_codecs::decoder::stateless::h265: Melanie: Adding POCs [8] to the ready queue after decoding
11-06 07:32:46.378 14370 16701 E cros-codecs: cros_codecs::decoder::stateless::h265: Melanie: ADDED TO READY QUEUE POC 8
11-06 07:32:46.379 14370 16701 D cros-codecs: cros_codecs_c2_ffi::backend::real::allocation: Converted an ffi::Native2DBuffer to a GenericDmaVideoFrame; cros_codecs_dma_buf.token.get_id() = 236, cros_codecs_dma_buf.token.get_size() = Size { width: 1280, height: 768 }
11-06 07:32:46.379 14370 16701 D cros-codecs: cros_codecs::decoder::stateless::h265: Decode picture POC 9
11-06 07:32:46.379 14370 16701 D cros-codecs: cros_codecs::codec::h265::dpb: find_short_term_ref_by_poc: 8, found position Some(1)
11-06 07:32:46.379 14370 16701 D cros-codecs: cros_codecs::codec::h265::picture: Set reference of POC 7 to None
11-06 07:32:46.380 14370 16701 W cros-codecs: cros_codecs::decoder::stateless::h265: The total RPS length 1 is not the same as the DPB length 2
11-06 07:32:46.380 14370 16701 W cros-codecs: cros_codecs::decoder::stateless::h265: A reference pic may be in more than one RPS list. This is against the specification. See 8.3.2. NOTE 5
11-06 07:32:46.380 14370 16701 D cros-codecs: cros_codecs::codec::h265::dpb: Removing unused pictures from DPB.
11-06 07:32:46.380 14370 16701 D cros-codecs: cros_codecs::codec::h265::dpb: Retaining pic POC: 7: false
11-06 07:32:46.380 14370 16701 D cros-codecs: cros_codecs::codec::h265::dpb: Retaining pic POC: 8: true
11-06 07:32:46.380 14370 16701 D cros-codecs: cros_codecs::decoder::stateless::h265: Melanie: Adding POCs [] to the ready queue before decoding
11-06 07:32:46.380 14370 16701 D cros-codecs: cros_codecs::decoder::stateless::h265: Processing NALU TrailR, length is 2515
11-06 07:32:46.380 14370 16701 D cros-codecs: cros_codecs::codec::h265::parser: Parsed slice TrailR, NAL size was 2515
11-06 07:32:46.380 14370 16701 D cros-codecs: cros_codecs_c2_ffi::backend::real::client: Processing a completed job; timestamp = 0
11-06 07:32:46.381 16637 16699 D CCodecConfig: c2 config diff is   c2::u32 output.delay.value = 10
11-06 07:32:46.381 16637 16699 W ColorUtils: expected specified color aspects (2:0:0:0)
11-06 07:32:46.384 14370 16701 D cros-codecs: cros_codecs_c2_ffi::backend::real::client: Processing a completed job; timestamp = 1
11-06 07:32:46.387 14370 16701 D cros-codecs: cros_codecs_c2_ffi::backend::real::client: Processing a completed job; timestamp = 2
11-06 07:32:46.388 14370 16701 D cros-codecs: cros_codecs_c2_ffi::backend::real::allocation: Converted an ffi::Native2DBuffer to a GenericDmaVideoFrame; cros_codecs_dma_buf.token.get_id() = 237, cros_codecs_dma_buf.token.get_size() = Size { width: 1280, height: 768 }
11-06 07:32:46.390 16637 16699 D CCodecConfig: c2 config diff is   c2::u32 raw.crop.height = 720
11-06 07:32:46.390 16637 16699 D CCodecConfig:   c2::u32 raw.crop.left = 0
11-06 07:32:46.390 16637 16699 D CCodecConfig:   c2::u32 raw.crop.top = 0
11-06 07:32:46.390 16637 16699 D CCodecConfig:   c2::u32 raw.crop.width = 1280
11-06 07:32:46.391 16637 16699 W ColorUtils: expected specified color aspects (2:0:0:0)
11-06 07:32:46.391 14370 16701 D cros-codecs: cros_codecs_c2_ffi::backend::real::client: Processing a completed job; timestamp = 3
11-06 07:32:46.391 14370 16670 D cros-codecs: cros_codecs_c2_ffi: cros_codecs_c2_ffi::C2ComponentDelegate<cros_codecs_c2_ffi::ffi::DecoderWork>::queue(); work_items.len() = 1
11-06 07:32:46.392 14370 16670 D cros-codecs: cros_codecs_c2_ffi::backend::real::decoder: Created cros-codecs decode job; cros_codecs_decode_job.input.len() = 12042, cros_codecs_decode_job.timestamp = 11, cros_codecs_decode_job.drain = NoDrain, cros_codecs_decode_job.coded_specific_data = false, work.get_timestamp() = 333330, work.get_frame_index()= 11
11-06 07:32:46.392 16637 16645 D CCodecBuffers: [c2.cros-codecs.vaapi.hevc.decoder#316:1D-Input.Impl[N]] codec released a buffer owned by client (index 0)
11-06 07:32:46.392 14370 16701 D cros-codecs: cros_codecs_c2_ffi::backend::real::allocation: Converted an ffi::Native2DBuffer to a GenericDmaVideoFrame; cros_codecs_dma_buf.token.get_id() = 238, cros_codecs_dma_buf.token.get_size() = Size { width: 1280, height: 768 }
11-06 07:32:46.395 14370 16701 D cros-codecs: cros_codecs_c2_ffi::backend::real::client: Processing a completed job; timestamp = 4
11-06 07:32:46.396 14370 16701 D cros-codecs: cros_codecs_c2_ffi::backend::real::allocation: Converted an ffi::Native2DBuffer to a GenericDmaVideoFrame; cros_codecs_dma_buf.token.get_id() = 239, cros_codecs_dma_buf.token.get_size() = Size { width: 1280, height: 768 }
11-06 07:32:46.398 14370 16701 D cros-codecs: cros_codecs_c2_ffi::backend::real::client: Processing a completed job; timestamp = 5
11-06 07:32:46.398 16637 16699 W libc    : Access denied finding property "vendor.minigbm.debug"
11-06 07:32:46.399 14370 16701 D cros-codecs: cros_codecs_c2_ffi::backend::real::allocation: Converted an ffi::Native2DBuffer to a GenericDmaVideoFrame; cros_codecs_dma_buf.token.get_id() = 240, cros_codecs_dma_buf.token.get_size() = Size { width: 1280, height: 768 }
11-06 07:32:46.400 16637 16699 D CCodecBuffers: [c2.cros-codecs.vaapi.hevc.decoder#316:Output[N]] updating image-data
11-06 07:32:46.400 16637 16699 D CCodecBuffers: [c2.cros-codecs.vaapi.hevc.decoder#316:Output[N]] updating stride = 1280, width: 1280, height: 720
11-06 07:32:46.400 16637 16699 D CCodecBuffers: [c2.cros-codecs.vaapi.hevc.decoder#316:Output[N]] updating vstride = 720
11-06 07:32:46.401 14370 16701 D cros-codecs: cros_codecs_c2_ffi::backend::real::client: Processing a completed job; timestamp = 6
11-06 07:32:46.402 14370 16701 D cros-codecs: cros_codecs_c2_ffi::backend::real::allocation: Converted an ffi::Native2DBuffer to a GenericDmaVideoFrame; cros_codecs_dma_buf.token.get_id() = 241, cros_codecs_dma_buf.token.get_size() = Size { width: 1280, height: 768 }
11-06 07:32:46.403 16637 16652 D MediaTranscodingTestUtil: Output buffers changed
11-06 07:32:46.403 14370 16701 D cros-codecs: cros_codecs_c2_ffi::backend::real::client: Processing a completed job; timestamp = 7
11-06 07:32:46.403 14370 16670 D cros-codecs: cros_codecs_c2_ffi: cros_codecs_c2_ffi::C2ComponentDelegate<cros_codecs_c2_ffi::ffi::DecoderWork>::queue(); work_items.len() = 1
11-06 07:32:46.403 14370 16670 D cros-codecs: cros_codecs_c2_ffi::backend::real::decoder: Created cros-codecs decode job; cros_codecs_decode_job.input.len() = 2558, cros_codecs_decode_job.timestamp = 12, cros_codecs_decode_job.drain = NoDrain, cros_codecs_decode_job.coded_specific_data = false, work.get_timestamp() = 366663, work.get_frame_index()= 12
11-06 07:32:46.403 16637 16645 D CCodecBuffers: [c2.cros-codecs.vaapi.hevc.decoder#316:1D-Input.Impl[N]] codec released a buffer owned by client (index 1)
11-06 07:32:46.404 14370 16701 D cros-codecs: cros_codecs_c2_ffi::backend::real::allocation: Converted an ffi::Native2DBuffer to a GenericDmaVideoFrame; cros_codecs_dma_buf.token.get_id() = 242, cros_codecs_dma_buf.token.get_size() = Size { width: 1280, height: 768 }
11-06 07:32:46.405 16637 16652 D MediaTranscodingTestUtil: Output format changed
11-06 07:32:46.405 14370 16670 D cros-codecs: cros_codecs_c2_ffi: cros_codecs_c2_ffi::C2ComponentDelegate<cros_codecs_c2_ffi::ffi::DecoderWork>::queue(); work_items.len() = 1
11-06 07:32:46.405 14370 16670 D cros-codecs: cros_codecs_c2_ffi::backend::real::decoder: Created cros-codecs decode job; cros_codecs_decode_job.input.len() = 2973, cros_codecs_decode_job.timestamp = 13, cros_codecs_decode_job.drain = NoDrain, cros_codecs_decode_job.coded_specific_data = false, work.get_timestamp() = 399995, work.get_frame_index()= 13
11-06 07:32:46.406 16637 16652 I MediaTranscodingTestUtil: Output frame number: 1
11-06 07:32:46.406 14370 16701 D cros-codecs: cros_codecs_c2_ffi::backend::real::client: Processing a completed job; timestamp = 8
11-06 07:32:46.407 14370 16701 D cros-codecs: cros_codecs_c2_ffi::backend::real::allocation: Converted an ffi::Native2DBuffer to a GenericDmaVideoFrame; cros_codecs_dma_buf.token.get_id() = 243, cros_codecs_dma_buf.token.get_size() = Size { width: 1280, height: 768 }
11-06 07:32:46.408 14370 16670 D cros-codecs: cros_codecs_c2_ffi: cros_codecs_c2_ffi::C2ComponentDelegate<cros_codecs_c2_ffi::ffi::DecoderWork>::queue(); work_items.len() = 1
11-06 07:32:46.408 14370 16670 D cros-codecs: cros_codecs_c2_ffi::backend::real::decoder: Created cros-codecs decode job; cros_codecs_decode_job.input.len() = 8007, cros_codecs_decode_job.timestamp = 14, cros_codecs_decode_job.drain = NoDrain, cros_codecs_decode_job.coded_specific_data = false, work.get_timestamp() = 433329, work.get_frame_index()= 14
11-06 07:32:46.408 16637 16645 D CCodecBuffers: [c2.cros-codecs.vaapi.hevc.decoder#316:1D-Input.Impl[N]] codec released a buffer owned by client (index 3)
11-06 07:32:46.408 16637 16652 I MediaTranscodingTestUtil: Output frame number: 2
11-06 07:32:46.409 14370 16701 D cros-codecs: cros_codecs_c2_ffi::backend::real::client: Processing a completed job; timestamp = 9
11-06 07:32:46.409 14370 16701 D cros-codecs: cros_codecs_c2_ffi::backend::real::allocation: Converted an ffi::Native2DBuffer to a GenericDmaVideoFrame; cros_codecs_dma_buf.token.get_id() = 244, cros_codecs_dma_buf.token.get_size() = Size { width: 1280, height: 768 }
11-06 07:32:46.409 14370 16701 D cros-codecs: cros_codecs_c2_ffi::backend::real::allocation: Converted an ffi::Native2DBuffer to a GenericDmaVideoFrame; cros_codecs_dma_buf.token.get_id() = 245, cros_codecs_dma_buf.token.get_size() = Size { width: 1280, height: 768 }
11-06 07:32:46.409 14370 16701 D cros-codecs: cros_codecs::decoder::stateless::h265: Processing NALU TrailR, length is 8412
11-06 07:32:46.410 14370 16701 D cros-codecs: cros_codecs::codec::h265::parser: Parsed slice TrailR, NAL size was 8412
11-06 07:32:46.410 14370 16701 D cros-codecs: cros_codecs::decoder::stateless::h265: Finishing picture POC 9
11-06 07:32:46.410 14370 16701 I iHD     : Melanie: Inside MediaLibvaInterfaceNext: BeginPicture called
11-06 07:32:46.410 14370 16701 I iHD     : Melanie: Inside DDI: RenderPicture buffers=5
11-06 07:32:46.410 14370 16701 I iHD     : Melanie: Inside HEVC RefFrames UpdateRefCachePolicy
11-06 07:32:46.410 14370 16701 I iHD     : Melanie: Inside HEVC BasicFeature: SetSliceStructs
11-06 07:32:46.410 14370 16701 I iHD     : Melanie: Inside HEVC BasicFeature: Update
11-06 07:32:46.411 14370 16670 D cros-codecs: cros_codecs_c2_ffi: cros_codecs_c2_ffi::C2ComponentDelegate<cros_codecs_c2_ffi::ffi::DecoderWork>::queue(); work_items.len() = 1
11-06 07:32:46.411 16637 16645 D CCodecBuffers: [c2.cros-codecs.vaapi.hevc.decoder#316:1D-Input.Impl[N]] codec released a buffer owned by client (index 0)
11-06 07:32:46.411 14370 16670 D cros-codecs: cros_codecs_c2_ffi::backend::real::decoder: Created cros-codecs decode job; cros_codecs_decode_job.input.len() = 12238, cros_codecs_decode_job.timestamp = 15, cros_codecs_decode_job.drain = NoDrain, cros_codecs_decode_job.coded_specific_data = false, work.get_timestamp() = 466661, work.get_frame_index()= 15
11-06 07:32:46.411 14370 16701 I iHD     : Melanie: Inside DDI: EndPicture ctx=0x7365ece168e0
11-06 07:32:46.411 14370 16701 E cros-codecs: cros_codecs::decoder::stateless::h265: Melanie: SUBMIT PICTURE 
11-06 07:32:46.411 14370 16701 E cros-codecs: cros_codecs::decoder::stateless::h265: Melanie: Timestamp: 10
11-06 07:32:46.411 14370 16701 E cros-codecs: cros_codecs::decoder::stateless::h265: Melanie: STORE IN DPB POC 9 
11-06 07:32:46.411 16637 16652 I MediaTranscodingTestUtil: Output frame number: 3
11-06 07:32:46.411 14370 16701 E cros-codecs: cros_codecs::decoder::stateless::h265: Melanie: timestamp 10
11-06 07:32:46.411 14370 16701 D cros-codecs: cros_codecs::codec::h265::dpb: Stored picture POC 9, the DPB length is 1
11-06 07:32:46.411 14370 16701 D cros-codecs: cros_codecs::codec::h265::picture: Set reference of POC 9 to ShortTerm
11-06 07:32:46.411 14370 16701 D cros-codecs: cros_codecs::codec::h265::dpb: Bumping POC 9 from the dpb
11-06 07:32:46.411 14370 16701 E cros-codecs: cros_codecs::decoder::stateless::h265: Melanie: BUMPED POC 9: timestamp10
11-06 07:32:46.411 14370 16701 D cros-codecs: cros_codecs::decoder::stateless::h265: Melanie: Adding POCs [9] to the ready queue after decoding
11-06 07:32:46.411 14370 16701 E cros-codecs: cros_codecs::decoder::stateless::h265: Melanie: ADDED TO READY QUEUE POC 9
11-06 07:32:46.412 14370 16701 D cros-codecs: cros_codecs_c2_ffi::backend::real::allocation: Converted an ffi::Native2DBuffer to a GenericDmaVideoFrame; cros_codecs_dma_buf.token.get_id() = 246, cros_codecs_dma_buf.token.get_size() = Size { width: 1280, height: 768 }
11-06 07:32:46.412 14370 16701 D cros-codecs: cros_codecs::decoder::stateless::h265: Decode picture POC 10
11-06 07:32:46.412 14370 16701 D cros-codecs: cros_codecs::codec::h265::dpb: find_short_term_ref_by_poc: 9, found position Some(1)
11-06 07:32:46.412 14370 16701 D cros-codecs: cros_codecs::codec::h265::picture: Set reference of POC 8 to None
11-06 07:32:46.412 14370 16701 W cros-codecs: cros_codecs::decoder::stateless::h265: The total RPS length 1 is not the same as the DPB length 2
11-06 07:32:46.412 14370 16701 W cros-codecs: cros_codecs::decoder::stateless::h265: A reference pic may be in more than one RPS list. This is against the specification. See 8.3.2. NOTE 5
11-06 07:32:46.412 14370 16701 D cros-codecs: cros_codecs::codec::h265::dpb: Removing unused pictures from DPB.
11-06 07:32:46.412 14370 16701 D cros-codecs: cros_codecs::codec::h265::dpb: Retaining pic POC: 8: false
11-06 07:32:46.413 14370 16701 D cros-codecs: cros_codecs::codec::h265::dpb: Retaining pic POC: 9: true
11-06 07:32:46.413 14370 16701 D cros-codecs: cros_codecs::decoder::stateless::h265: Melanie: Adding POCs [] to the ready queue before decoding
11-06 07:32:46.413 14370 16701 D cros-codecs: cros_codecs::decoder::stateless::h265: Processing NALU TrailR, length is 3621
11-06 07:32:46.413 14370 16701 D cros-codecs: cros_codecs::codec::h265::parser: Parsed slice TrailR, NAL size was 3621
11-06 07:32:46.413 14370 16701 D cros-codecs: cros_codecs::decoder::stateless::h265: Processing NALU TrailR, length is 1831
11-06 07:32:46.413 14370 16701 D cros-codecs: cros_codecs::codec::h265::parser: Parsed slice TrailR, NAL size was 1831
11-06 07:32:46.413 14370 16701 D cros-codecs: cros_codecs::decoder::stateless::h265: Finishing picture POC 10
11-06 07:32:46.413 14370 16701 I iHD     : Melanie: Inside MediaLibvaInterfaceNext: BeginPicture called
11-06 07:32:46.413 14370 16670 D cros-codecs: cros_codecs_c2_ffi: cros_codecs_c2_ffi::C2ComponentDelegate<cros_codecs_c2_ffi::ffi::DecoderWork>::queue(); work_items.len() = 1
11-06 07:32:46.413 14370 16701 I iHD     : Melanie: Inside DDI: RenderPicture buffers=5
11-06 07:32:46.413 14370 16670 D cros-codecs: cros_codecs_c2_ffi::backend::real::decoder: Created cros-codecs decode job; cros_codecs_decode_job.input.len() = 5004, cros_codecs_decode_job.timestamp = 16, cros_codecs_decode_job.drain = NoDrain, cros_codecs_decode_job.coded_specific_data = false, work.get_timestamp() = 499995, work.get_frame_index()= 16
11-06 07:32:46.414 14370 16701 I iHD     : Melanie: Inside HEVC RefFrames UpdateRefCachePolicy
11-06 07:32:46.414 16637 16645 D CCodecBuffers: [c2.cros-codecs.vaapi.hevc.decoder#316:1D-Input.Impl[N]] codec released a buffer owned by client (index 1)
11-06 07:32:46.414 14370 16701 I iHD     : Melanie: Inside HEVC BasicFeature: SetSliceStructs
11-06 07:32:46.414 14370 16701 I iHD     : Melanie: Inside HEVC BasicFeature: Update
11-06 07:32:46.414 16637 16652 I MediaTranscodingTestUtil: Output frame number: 4
11-06 07:32:46.415 14370 16701 I iHD     : Melanie: Inside DDI: EndPicture ctx=0x7365ece168e0
11-06 07:32:46.415 14370 16701 E cros-codecs: cros_codecs::decoder::stateless::h265: Melanie: SUBMIT PICTURE 
11-06 07:32:46.415 14370 16701 E cros-codecs: cros_codecs::decoder::stateless::h265: Melanie: Timestamp: 11
11-06 07:32:46.415 14370 16701 E cros-codecs: cros_codecs::decoder::stateless::h265: Melanie: STORE IN DPB POC 10 
11-06 07:32:46.415 14370 16701 E cros-codecs: cros_codecs::decoder::stateless::h265: Melanie: timestamp 11
11-06 07:32:46.415 14370 16701 D cros-codecs: cros_codecs::codec::h265::dpb: Stored picture POC 10, the DPB length is 1
11-06 07:32:46.415 14370 16701 D cros-codecs: cros_codecs::codec::h265::picture: Set reference of POC 10 to ShortTerm
11-06 07:32:46.415 14370 16701 D cros-codecs: cros_codecs::codec::h265::dpb: Bumping POC 10 from the dpb
11-06 07:32:46.415 14370 16701 E cros-codecs: cros_codecs::decoder::stateless::h265: Melanie: BUMPED POC 10: timestamp11
11-06 07:32:46.415 14370 16701 D cros-codecs: cros_codecs::decoder::stateless::h265: Melanie: Adding POCs [10] to the ready queue after decoding
11-06 07:32:46.415 14370 16701 E cros-codecs: cros_codecs::decoder::stateless::h265: Melanie: ADDED TO READY QUEUE POC 10
11-06 07:32:46.416 14370 16701 D cros-codecs: cros_codecs_c2_ffi::backend::real::allocation: Converted an ffi::Native2DBuffer to a GenericDmaVideoFrame; cros_codecs_dma_buf.token.get_id() = 247, cros_codecs_dma_buf.token.get_size() = Size { width: 1280, height: 768 }
11-06 07:32:46.416 14370 16701 D cros-codecs: cros_codecs::decoder::stateless::h265: Decode picture POC 11
11-06 07:32:46.416 14370 16701 D cros-codecs: cros_codecs::codec::h265::dpb: find_short_term_ref_by_poc: 10, found position Some(1)
11-06 07:32:46.416 14370 16701 D cros-codecs: cros_codecs::codec::h265::picture: Set reference of POC 9 to None
11-06 07:32:46.416 14370 16701 W cros-codecs: cros_codecs::decoder::stateless::h265: The total RPS length 1 is not the same as the DPB length 2
11-06 07:32:46.416 14370 16701 W cros-codecs: cros_codecs::decoder::stateless::h265: A reference pic may be in more than one RPS list. This is against the specification. See 8.3.2. NOTE 5
11-06 07:32:46.416 14370 16701 D cros-codecs: cros_codecs::codec::h265::dpb: Removing unused pictures from DPB.
11-06 07:32:46.416 14370 16701 D cros-codecs: cros_codecs::codec::h265::dpb: Retaining pic POC: 9: false
11-06 07:32:46.416 14370 16701 D cros-codecs: cros_codecs::codec::h265::dpb: Retaining pic POC: 10: true
11-06 07:32:46.416 14370 16701 D cros-codecs: cros_codecs::decoder::stateless::h265: Melanie: Adding POCs [] to the ready queue before decoding
11-06 07:32:46.416 14370 16701 D cros-codecs: cros_codecs::decoder::stateless::h265: Processing NALU TrailR, length is 718
11-06 07:32:46.417 14370 16701 D cros-codecs: cros_codecs::codec::h265::parser: Parsed slice TrailR, NAL size was 718
11-06 07:32:46.417 14370 16701 D cros-codecs: cros_codecs::decoder::stateless::h265: Processing NALU TrailR, length is 2149
11-06 07:32:46.417 14370 16701 D cros-codecs: cros_codecs::codec::h265::parser: Parsed slice TrailR, NAL size was 2149
11-06 07:32:46.417 14370 16701 D cros-codecs: cros_codecs::decoder::stateless::h265: Finishing picture POC 11
11-06 07:32:46.417 14370 16701 I iHD     : Melanie: Inside MediaLibvaInterfaceNext: BeginPicture called
11-06 07:32:46.417 14370 16701 I iHD     : Melanie: Inside DDI: RenderPicture buffers=5
11-06 07:32:46.417 14370 16701 I iHD     : Melanie: Inside HEVC RefFrames UpdateRefCachePolicy
11-06 07:32:46.417 14370 16701 I iHD     : Melanie: Inside HEVC BasicFeature: SetSliceStructs
11-06 07:32:46.417 14370 16701 I iHD     : Melanie: Inside HEVC BasicFeature: Update
11-06 07:32:46.417 14370 16670 D cros-codecs: cros_codecs_c2_ffi: cros_codecs_c2_ffi::C2ComponentDelegate<cros_codecs_c2_ffi::ffi::DecoderWork>::queue(); work_items.len() = 1
11-06 07:32:46.417 14370 16670 D cros-codecs: cros_codecs_c2_ffi::backend::real::decoder: Created cros-codecs decode job; cros_codecs_decode_job.input.len() = 4389, cros_codecs_decode_job.timestamp = 17, cros_codecs_decode_job.drain = NoDrain, cros_codecs_decode_job.coded_specific_data = false, work.get_timestamp() = 533328, work.get_frame_index()= 17
11-06 07:32:46.418 16637 16652 I MediaTranscodingTestUtil: Output frame number: 5
11-06 07:32:46.418 14370 16701 I iHD     : Melanie: Inside DDI: EndPicture ctx=0x7365ece168e0
11-06 07:32:46.418 14370 16701 E cros-codecs: cros_codecs::decoder::stateless::h265: Melanie: SUBMIT PICTURE 
11-06 07:32:46.418 14370 16701 E cros-codecs: cros_codecs::decoder::stateless::h265: Melanie: Timestamp: 12
11-06 07:32:46.418 14370 16701 E cros-codecs: cros_codecs::decoder::stateless::h265: Melanie: STORE IN DPB POC 11 
11-06 07:32:46.418 14370 16701 E cros-codecs: cros_codecs::decoder::stateless::h265: Melanie: timestamp 12
11-06 07:32:46.418 14370 16701 D cros-codecs: cros_codecs::codec::h265::dpb: Stored picture POC 11, the DPB length is 1
11-06 07:32:46.418 14370 16701 D cros-codecs: cros_codecs::codec::h265::picture: Set reference of POC 11 to ShortTerm
11-06 07:32:46.418 14370 16701 D cros-codecs: cros_codecs::codec::h265::dpb: Bumping POC 11 from the dpb
11-06 07:32:46.418 14370 16701 E cros-codecs: cros_codecs::decoder::stateless::h265: Melanie: BUMPED POC 11: timestamp12
11-06 07:32:46.418 14370 16701 D cros-codecs: cros_codecs::decoder::stateless::h265: Melanie: Adding POCs [11] to the ready queue after decoding
11-06 07:32:46.418 14370 16701 E cros-codecs: cros_codecs::decoder::stateless::h265: Melanie: ADDED TO READY QUEUE POC 11
11-06 07:32:46.419 14370 16701 D cros-codecs: cros_codecs_c2_ffi::backend::real::allocation: Converted an ffi::Native2DBuffer to a GenericDmaVideoFrame; cros_codecs_dma_buf.token.get_id() = 248, cros_codecs_dma_buf.token.get_size() = Size { width: 1280, height: 768 }
11-06 07:32:46.419 14370 16701 D cros-codecs: cros_codecs::decoder::stateless::h265: Decode picture POC 12
11-06 07:32:46.419 14370 16701 D cros-codecs: cros_codecs::codec::h265::dpb: find_short_term_ref_by_poc: 11, found position Some(1)
11-06 07:32:46.419 14370 16701 D cros-codecs: cros_codecs::codec::h265::picture: Set reference of POC 10 to None
11-06 07:32:46.419 14370 16701 W cros-codecs: cros_codecs::decoder::stateless::h265: The total RPS length 1 is not the same as the DPB length 2
11-06 07:32:46.419 14370 16701 W cros-codecs: cros_codecs::decoder::stateless::h265: A reference pic may be in more than one RPS list. This is against the specification. See 8.3.2. NOTE 5
11-06 07:32:46.419 14370 16701 D cros-codecs: cros_codecs::codec::h265::dpb: Removing unused pictures from DPB.
11-06 07:32:46.419 14370 16701 D cros-codecs: cros_codecs::codec::h265::dpb: Retaining pic POC: 10: false
11-06 07:32:46.419 14370 16701 D cros-codecs: cros_codecs::codec::h265::dpb: Retaining pic POC: 11: true
11-06 07:32:46.419 14370 16701 D cros-codecs: cros_codecs::decoder::stateless::h265: Melanie: Adding POCs [] to the ready queue before decoding
11-06 07:32:46.419 14370 16701 D cros-codecs: cros_codecs::decoder::stateless::h265: Processing NALU TrailR, length is 815
11-06 07:32:46.419 14370 16701 D cros-codecs: cros_codecs::codec::h265::parser: Parsed slice TrailR, NAL size was 815
11-06 07:32:46.419 14370 16701 D cros-codecs: cros_codecs::decoder::stateless::h265: Processing NALU TrailR, length is 5784
11-06 07:32:46.419 14370 16701 D cros-codecs: cros_codecs::codec::h265::parser: Parsed slice TrailR, NAL size was 5784
11-06 07:32:46.419 14370 16701 D cros-codecs: cros_codecs::decoder::stateless::h265: Finishing picture POC 12
11-06 07:32:46.419 14370 16701 I iHD     : Melanie: Inside MediaLibvaInterfaceNext: BeginPicture called
11-06 07:32:46.419 14370 16701 I iHD     : Melanie: Inside DDI: RenderPicture buffers=5
11-06 07:32:46.419 14370 16701 I iHD     : Melanie: Inside HEVC RefFrames UpdateRefCachePolicy
11-06 07:32:46.419 14370 16701 I iHD     : Melanie: Inside HEVC BasicFeature: SetSliceStructs
11-06 07:32:46.419 14370 16701 I iHD     : Melanie: Inside HEVC BasicFeature: Update
11-06 07:32:46.420 14370 16701 I iHD     : Melanie: Inside DDI: EndPicture ctx=0x7365ece168e0
11-06 07:32:46.420 14370 16701 E cros-codecs: cros_codecs::decoder::stateless::h265: Melanie: SUBMIT PICTURE 
11-06 07:32:46.420 14370 16701 E cros-codecs: cros_codecs::decoder::stateless::h265: Melanie: Timestamp: 13
11-06 07:32:46.420 14370 16701 E cros-codecs: cros_codecs::decoder::stateless::h265: Melanie: STORE IN DPB POC 12 
11-06 07:32:46.420 14370 16701 E cros-codecs: cros_codecs::decoder::stateless::h265: Melanie: timestamp 13
11-06 07:32:46.420 14370 16701 D cros-codecs: cros_codecs::codec::h265::dpb: Stored picture POC 12, the DPB length is 1
11-06 07:32:46.420 14370 16701 D cros-codecs: cros_codecs::codec::h265::picture: Set reference of POC 12 to ShortTerm
11-06 07:32:46.420 14370 16701 D cros-codecs: cros_codecs::codec::h265::dpb: Bumping POC 12 from the dpb
11-06 07:32:46.420 14370 16701 E cros-codecs: cros_codecs::decoder::stateless::h265: Melanie: BUMPED POC 12: timestamp13
11-06 07:32:46.420 14370 16701 D cros-codecs: cros_codecs::decoder::stateless::h265: Melanie: Adding POCs [12] to the ready queue after decoding
11-06 07:32:46.420 14370 16701 E cros-codecs: cros_codecs::decoder::stateless::h265: Melanie: ADDED TO READY QUEUE POC 12
11-06 07:32:46.421 14370 16701 D cros-codecs: cros_codecs_c2_ffi::backend::real::allocation: Converted an ffi::Native2DBuffer to a GenericDmaVideoFrame; cros_codecs_dma_buf.token.get_id() = 249, cros_codecs_dma_buf.token.get_size() = Size { width: 1280, height: 768 }
11-06 07:32:46.421 14370 16670 D cros-codecs: cros_codecs_c2_ffi: cros_codecs_c2_ffi::C2ComponentDelegate<cros_codecs_c2_ffi::ffi::DecoderWork>::queue(); work_items.len() = 1
11-06 07:32:46.421 14370 16670 D cros-codecs: cros_codecs_c2_ffi::backend::real::decoder: Created cros-codecs decode job; cros_codecs_decode_job.input.len() = 8759, cros_codecs_decode_job.timestamp = 18, cros_codecs_decode_job.drain = NoDrain, cros_codecs_decode_job.coded_specific_data = false, work.get_timestamp() = 566660, work.get_frame_index()= 18
11-06 07:32:46.421 14370 16701 D cros-codecs: cros_codecs::decoder::stateless::h265: Decode picture POC 13
11-06 07:32:46.421 14370 16701 D cros-codecs: cros_codecs::codec::h265::dpb: find_short_term_ref_by_poc: 12, found position Some(1)
11-06 07:32:46.421 14370 16701 D cros-codecs: cros_codecs::codec::h265::picture: Set reference of POC 11 to None
11-06 07:32:46.421 14370 16701 W cros-codecs: cros_codecs::decoder::stateless::h265: The total RPS length 1 is not the same as the DPB length 2
11-06 07:32:46.421 14370 16701 W cros-codecs: cros_codecs::decoder::stateless::h265: A reference pic may be in more than one RPS list. This is against the specification. See 8.3.2. NOTE 5
11-06 07:32:46.421 14370 16701 D cros-codecs: cros_codecs::codec::h265::dpb: Removing unused pictures from DPB.
11-06 07:32:46.421 14370 16701 D cros-codecs: cros_codecs::codec::h265::dpb: Retaining pic POC: 11: false
11-06 07:32:46.421 14370 16701 D cros-codecs: cros_codecs::codec::h265::dpb: Retaining pic POC: 12: true
11-06 07:32:46.421 14370 16701 D cros-codecs: cros_codecs::decoder::stateless::h265: Melanie: Adding POCs [] to the ready queue before decoding
11-06 07:32:46.421 14370 16701 D cros-codecs: cros_codecs::decoder::stateless::h265: Processing NALU TrailR, length is 2214
11-06 07:32:46.421 14370 16701 D cros-codecs: cros_codecs::codec::h265::parser: Parsed slice TrailR, NAL size was 2214
11-06 07:32:46.421 14370 16701 D cros-codecs: cros_codecs::decoder::stateless::h265: Processing NALU TrailR, length is 8538
11-06 07:32:46.421 14370 16701 D cros-codecs: cros_codecs::codec::h265::parser: Parsed slice TrailR, NAL size was 8538
11-06 07:32:46.421 14370 16701 D cros-codecs: cros_codecs::decoder::stateless::h265: Finishing picture POC 13
11-06 07:32:46.422 14370 16701 I iHD     : Melanie: Inside MediaLibvaInterfaceNext: BeginPicture called
11-06 07:32:46.422 14370 16701 I iHD     : Melanie: Inside DDI: RenderPicture buffers=5
11-06 07:32:46.422 14370 16701 I iHD     : Melanie: Inside HEVC RefFrames UpdateRefCachePolicy
11-06 07:32:46.422 14370 16701 I iHD     : Melanie: Inside HEVC BasicFeature: SetSliceStructs
11-06 07:32:46.422 14370 16701 I iHD     : Melanie: Inside HEVC BasicFeature: Update
11-06 07:32:46.422 16637 16652 I MediaTranscodingTestUtil: Output frame number: 6
11-06 07:32:46.422 14370 16701 I iHD     : Melanie: Inside DDI: EndPicture ctx=0x7365ece168e0
11-06 07:32:46.422 14370 16701 E cros-codecs: cros_codecs::decoder::stateless::h265: Melanie: SUBMIT PICTURE 
11-06 07:32:46.422 14370 16701 E cros-codecs: cros_codecs::decoder::stateless::h265: Melanie: Timestamp: 14
11-06 07:32:46.422 14370 16701 E cros-codecs: cros_codecs::decoder::stateless::h265: Melanie: STORE IN DPB POC 13 
11-06 07:32:46.422 14370 16701 E cros-codecs: cros_codecs::decoder::stateless::h265: Melanie: timestamp 14
11-06 07:32:46.422 14370 16701 D cros-codecs: cros_codecs::codec::h265::dpb: Stored picture POC 13, the DPB length is 1
11-06 07:32:46.422 14370 16701 D cros-codecs: cros_codecs::codec::h265::picture: Set reference of POC 13 to ShortTerm
11-06 07:32:46.422 14370 16701 D cros-codecs: cros_codecs::codec::h265::dpb: Bumping POC 13 from the dpb
11-06 07:32:46.422 14370 16701 E cros-codecs: cros_codecs::decoder::stateless::h265: Melanie: BUMPED POC 13: timestamp14
11-06 07:32:46.422 14370 16701 D cros-codecs: cros_codecs::decoder::stateless::h265: Melanie: Adding POCs [13] to the ready queue after decoding
11-06 07:32:46.422 14370 16701 E cros-codecs: cros_codecs::decoder::stateless::h265: Melanie: ADDED TO READY QUEUE POC 13
11-06 07:32:46.423 14370 16701 D cros-codecs: cros_codecs_c2_ffi::backend::real::allocation: Converted an ffi::Native2DBuffer to a GenericDmaVideoFrame; cros_codecs_dma_buf.token.get_id() = 250, cros_codecs_dma_buf.token.get_size() = Size { width: 1280, height: 768 }
11-06 07:32:46.423 14370 16701 D cros-codecs: cros_codecs::decoder::stateless::h265: Decode picture POC 14
11-06 07:32:46.423 14370 16701 D cros-codecs: cros_codecs::codec::h265::dpb: find_short_term_ref_by_poc: 13, found position Some(1)
11-06 07:32:46.423 14370 16701 D cros-codecs: cros_codecs::codec::h265::picture: Set reference of POC 12 to None
11-06 07:32:46.423 14370 16701 W cros-codecs: cros_codecs::decoder::stateless::h265: The total RPS length 1 is not the same as the DPB length 2
11-06 07:32:46.423 14370 16701 W cros-codecs: cros_codecs::decoder::stateless::h265: A reference pic may be in more than one RPS list. This is against the specification. See 8.3.2. NOTE 5
11-06 07:32:46.423 14370 16701 D cros-codecs: cros_codecs::codec::h265::dpb: Removing unused pictures from DPB.
11-06 07:32:46.423 14370 16701 D cros-codecs: cros_codecs::codec::h265::dpb: Retaining pic POC: 12: false
11-06 07:32:46.423 14370 16701 D cros-codecs: cros_codecs::codec::h265::dpb: Retaining pic POC: 13: true
11-06 07:32:46.423 14370 16701 D cros-codecs: cros_codecs::decoder::stateless::h265: Melanie: Adding POCs [] to the ready queue before decoding
11-06 07:32:46.424 14370 16701 D cros-codecs: cros_codecs::decoder::stateless::h265: Processing NALU TrailR, length is 3691
11-06 07:32:46.424 14370 16701 D cros-codecs: cros_codecs::codec::h265::parser: Parsed slice TrailR, NAL size was 3691
11-06 07:32:46.424 14370 16701 D cros-codecs: cros_codecs::decoder::stateless::h265: Processing NALU TrailR, length is 3619
11-06 07:32:46.424 14370 16701 D cros-codecs: cros_codecs::codec::h265::parser: Parsed slice TrailR, NAL size was 3619
11-06 07:32:46.424 14370 16701 D cros-codecs: cros_codecs::decoder::stateless::h265: Finishing picture POC 14
11-06 07:32:46.424 14370 16701 I iHD     : Melanie: Inside MediaLibvaInterfaceNext: BeginPicture called
11-06 07:32:46.424 14370 16701 I iHD     : Melanie: Inside DDI: RenderPicture buffers=5
11-06 07:32:46.424 14370 16701 I iHD     : Melanie: Inside HEVC RefFrames UpdateRefCachePolicy
11-06 07:32:46.424 14370 16701 I iHD     : Melanie: Inside HEVC BasicFeature: SetSliceStructs
11-06 07:32:46.424 14370 16701 I iHD     : Melanie: Inside HEVC BasicFeature: Update
11-06 07:32:46.424 14370 16701 I iHD     : Melanie: Inside DDI: EndPicture ctx=0x7365ece168e0
11-06 07:32:46.424 14370 16701 E cros-codecs: cros_codecs::decoder::stateless::h265: Melanie: SUBMIT PICTURE 
11-06 07:32:46.424 14370 16701 E cros-codecs: cros_codecs::decoder::stateless::h265: Melanie: Timestamp: 15
11-06 07:32:46.424 14370 16701 E cros-codecs: cros_codecs::decoder::stateless::h265: Melanie: STORE IN DPB POC 14 
11-06 07:32:46.424 14370 16701 E cros-codecs: cros_codecs::decoder::stateless::h265: Melanie: timestamp 15
11-06 07:32:46.424 14370 16701 D cros-codecs: cros_codecs::codec::h265::dpb: Stored picture POC 14, the DPB length is 1
11-06 07:32:46.424 14370 16701 D cros-codecs: cros_codecs::codec::h265::picture: Set reference of POC 14 to ShortTerm
11-06 07:32:46.424 14370 16701 D cros-codecs: cros_codecs::codec::h265::dpb: Bumping POC 14 from the dpb
11-06 07:32:46.424 14370 16701 E cros-codecs: cros_codecs::decoder::stateless::h265: Melanie: BUMPED POC 14: timestamp15
11-06 07:32:46.424 14370 16701 D cros-codecs: cros_codecs::decoder::stateless::h265: Melanie: Adding POCs [14] to the ready queue after decoding
11-06 07:32:46.424 14370 16701 E cros-codecs: cros_codecs::decoder::stateless::h265: Melanie: ADDED TO READY QUEUE POC 14
11-06 07:32:46.425 14370 16670 D cros-codecs: cros_codecs_c2_ffi: cros_codecs_c2_ffi::C2ComponentDelegate<cros_codecs_c2_ffi::ffi::DecoderWork>::queue(); work_items.len() = 1
11-06 07:32:46.425 14370 16670 D cros-codecs: cros_codecs_c2_ffi::backend::real::decoder: Created cros-codecs decode job; cros_codecs_decode_job.input.len() = 7561, cros_codecs_decode_job.timestamp = 19, cros_codecs_decode_job.drain = NoDrain, cros_codecs_decode_job.coded_specific_data = false, work.get_timestamp() = 599994, work.get_frame_index()= 19
11-06 07:32:46.425 16637 16645 D CCodecBuffers: [c2.cros-codecs.vaapi.hevc.decoder#316:1D-Input.Impl[N]] codec released a buffer owned by client (index 0)
11-06 07:32:46.426 14370 16701 D cros-codecs: cros_codecs_c2_ffi::backend::real::allocation: Converted an ffi::Native2DBuffer to a GenericDmaVideoFrame; cros_codecs_dma_buf.token.get_id() = 251, cros_codecs_dma_buf.token.get_size() = Size { width: 1280, height: 768 }
11-06 07:32:46.426 14370 16701 D cros-codecs: cros_codecs::decoder::stateless::h265: Decode picture POC 15
11-06 07:32:46.426 14370 16701 D cros-codecs: cros_codecs::codec::h265::dpb: find_short_term_ref_by_poc: 14, found position Some(1)
11-06 07:32:46.426 14370 16701 D cros-codecs: cros_codecs::codec::h265::picture: Set reference of POC 13 to None
11-06 07:32:46.426 14370 16701 W cros-codecs: cros_codecs::decoder::stateless::h265: The total RPS length 1 is not the same as the DPB length 2
11-06 07:32:46.426 14370 16701 W cros-codecs: cros_codecs::decoder::stateless::h265: A reference pic may be in more than one RPS list. This is against the specification. See 8.3.2. NOTE 5
11-06 07:32:46.426 16637 16652 I MediaTranscodingTestUtil: Output frame number: 7
11-06 07:32:46.426 14370 16701 D cros-codecs: cros_codecs::codec::h265::dpb: Removing unused pictures from DPB.
11-06 07:32:46.426 14370 16701 D cros-codecs: cros_codecs::codec::h265::dpb: Retaining pic POC: 13: false
11-06 07:32:46.426 14370 16701 D cros-codecs: cros_codecs::codec::h265::dpb: Retaining pic POC: 14: true
11-06 07:32:46.426 14370 16701 D cros-codecs: cros_codecs::decoder::stateless::h265: Melanie: Adding POCs [] to the ready queue before decoding
11-06 07:32:46.426 14370 16701 D cros-codecs: cros_codecs::decoder::stateless::h265: Processing NALU TrailR, length is 1376
11-06 07:32:46.426 14370 16701 D cros-codecs: cros_codecs::codec::h265::parser: Parsed slice TrailR, NAL size was 1376
11-06 07:32:46.426 14370 16701 D cros-codecs: cros_codecs::decoder::stateless::h265: Processing NALU TrailR, length is 3282
11-06 07:32:46.426 14370 16701 D cros-codecs: cros_codecs::codec::h265::parser: Parsed slice TrailR, NAL size was 3282
11-06 07:32:46.426 14370 16701 D cros-codecs: cros_codecs::decoder::stateless::h265: Finishing picture POC 15
11-06 07:32:46.426 14370 16701 I iHD     : Melanie: Inside MediaLibvaInterfaceNext: BeginPicture called
11-06 07:32:46.426 14370 16701 I iHD     : Melanie: Inside DDI: RenderPicture buffers=5
11-06 07:32:46.426 14370 16701 I iHD     : Melanie: Inside HEVC RefFrames UpdateRefCachePolicy
11-06 07:32:46.426 14370 16701 I iHD     : Melanie: Inside HEVC BasicFeature: SetSliceStructs
11-06 07:32:46.426 14370 16701 I iHD     : Melanie: Inside HEVC BasicFeature: Update
11-06 07:32:46.427 14370 16701 I iHD     : Melanie: Inside DDI: EndPicture ctx=0x7365ece168e0
11-06 07:32:46.427 14370 16701 E cros-codecs: cros_codecs::decoder::stateless::h265: Melanie: SUBMIT PICTURE 
11-06 07:32:46.427 14370 16701 E cros-codecs: cros_codecs::decoder::stateless::h265: Melanie: Timestamp: 16
11-06 07:32:46.427 14370 16701 E cros-codecs: cros_codecs::decoder::stateless::h265: Melanie: STORE IN DPB POC 15 
11-06 07:32:46.427 14370 16701 E cros-codecs: cros_codecs::decoder::stateless::h265: Melanie: timestamp 16
11-06 07:32:46.427 14370 16701 D cros-codecs: cros_codecs::codec::h265::dpb: Stored picture POC 15, the DPB length is 1
11-06 07:32:46.427 14370 16701 D cros-codecs: cros_codecs::codec::h265::picture: Set reference of POC 15 to ShortTerm
11-06 07:32:46.427 14370 16701 D cros-codecs: cros_codecs::codec::h265::dpb: Bumping POC 15 from the dpb
11-06 07:32:46.427 14370 16701 E cros-codecs: cros_codecs::decoder::stateless::h265: Melanie: BUMPED POC 15: timestamp16
11-06 07:32:46.427 14370 16701 D cros-codecs: cros_codecs::decoder::stateless::h265: Melanie: Adding POCs [15] to the ready queue after decoding
11-06 07:32:46.427 14370 16701 E cros-codecs: cros_codecs::decoder::stateless::h265: Melanie: ADDED TO READY QUEUE POC 15
11-06 07:32:46.428 14370 16701 D cros-codecs: cros_codecs_c2_ffi::backend::real::allocation: Converted an ffi::Native2DBuffer to a GenericDmaVideoFrame; cros_codecs_dma_buf.token.get_id() = 252, cros_codecs_dma_buf.token.get_size() = Size { width: 1280, height: 768 }
11-06 07:32:46.428 14370 16701 D cros-codecs: cros_codecs::decoder::stateless::h265: Decode picture POC 16
11-06 07:32:46.428 14370 16701 D cros-codecs: cros_codecs::codec::h265::dpb: find_short_term_ref_by_poc: 15, found position Some(1)
11-06 07:32:46.428 14370 16701 D cros-codecs: cros_codecs::codec::h265::picture: Set reference of POC 14 to None
11-06 07:32:46.428 14370 16701 W cros-codecs: cros_codecs::decoder::stateless::h265: The total RPS length 1 is not the same as the DPB length 2
11-06 07:32:46.428 14370 16701 W cros-codecs: cros_codecs::decoder::stateless::h265: A reference pic may be in more than one RPS list. This is against the specification. See 8.3.2. NOTE 5
11-06 07:32:46.428 14370 16701 D cros-codecs: cros_codecs::codec::h265::dpb: Removing unused pictures from DPB.
11-06 07:32:46.428 14370 16701 D cros-codecs: cros_codecs::codec::h265::dpb: Retaining pic POC: 14: false
11-06 07:32:46.428 14370 16701 D cros-codecs: cros_codecs::codec::h265::dpb: Retaining pic POC: 15: true
11-06 07:32:46.428 14370 16701 D cros-codecs: cros_codecs::decoder::stateless::h265: Melanie: Adding POCs [] to the ready queue before decoding
11-06 07:32:46.428 14370 16701 D cros-codecs: cros_codecs::decoder::stateless::h265: Processing NALU TrailR, length is 1098
11-06 07:32:46.428 14370 16701 D cros-codecs: cros_codecs::codec::h265::parser: Parsed slice TrailR, NAL size was 1098
11-06 07:32:46.428 14370 16701 D cros-codecs: cros_codecs::decoder::stateless::h265: Processing NALU TrailR, length is 6082
11-06 07:32:46.428 14370 16701 D cros-codecs: cros_codecs::codec::h265::parser: Parsed slice TrailR, NAL size was 6082
11-06 07:32:46.428 14370 16701 D cros-codecs: cros_codecs::decoder::stateless::h265: Finishing picture POC 16
11-06 07:32:46.428 14370 16701 I iHD     : Melanie: Inside MediaLibvaInterfaceNext: BeginPicture called
11-06 07:32:46.428 14370 16701 I iHD     : Melanie: Inside DDI: RenderPicture buffers=5
11-06 07:32:46.428 14370 16701 I iHD     : Melanie: Inside HEVC RefFrames UpdateRefCachePolicy
11-06 07:32:46.428 14370 16701 I iHD     : Melanie: Inside HEVC BasicFeature: SetSliceStructs
11-06 07:32:46.428 14370 16701 I iHD     : Melanie: Inside HEVC BasicFeature: Update
11-06 07:32:46.429 14370 16701 I iHD     : Melanie: Inside DDI: EndPicture ctx=0x7365ece168e0
11-06 07:32:46.429 14370 16701 E cros-codecs: cros_codecs::decoder::stateless::h265: Melanie: SUBMIT PICTURE 
11-06 07:32:46.429 14370 16701 E cros-codecs: cros_codecs::decoder::stateless::h265: Melanie: Timestamp: 17
11-06 07:32:46.429 14370 16701 E cros-codecs: cros_codecs::decoder::stateless::h265: Melanie: STORE IN DPB POC 16 
11-06 07:32:46.429 14370 16701 E cros-codecs: cros_codecs::decoder::stateless::h265: Melanie: timestamp 17
11-06 07:32:46.429 14370 16701 D cros-codecs: cros_codecs::codec::h265::dpb: Stored picture POC 16, the DPB length is 1
11-06 07:32:46.429 14370 16701 D cros-codecs: cros_codecs::codec::h265::picture: Set reference of POC 16 to ShortTerm
11-06 07:32:46.429 14370 16701 D cros-codecs: cros_codecs::codec::h265::dpb: Bumping POC 16 from the dpb
11-06 07:32:46.429 14370 16701 E cros-codecs: cros_codecs::decoder::stateless::h265: Melanie: BUMPED POC 16: timestamp17
11-06 07:32:46.429 14370 16701 D cros-codecs: cros_codecs::decoder::stateless::h265: Melanie: Adding POCs [16] to the ready queue after decoding
11-06 07:32:46.429 14370 16701 E cros-codecs: cros_codecs::decoder::stateless::h265: Melanie: ADDED TO READY QUEUE POC 16
11-06 07:32:46.429 14370 16670 D cros-codecs: cros_codecs_c2_ffi: cros_codecs_c2_ffi::C2ComponentDelegate<cros_codecs_c2_ffi::ffi::DecoderWork>::queue(); work_items.len() = 1
11-06 07:32:46.429 14370 16670 D cros-codecs: cros_codecs_c2_ffi::backend::real::decoder: Created cros-codecs decode job; cros_codecs_decode_job.input.len() = 6146, cros_codecs_decode_job.timestamp = 20, cros_codecs_decode_job.drain = NoDrain, cros_codecs_decode_job.coded_specific_data = false, work.get_timestamp() = 633326, work.get_frame_index()= 20
11-06 07:32:46.430 16637 16652 I MediaTranscodingTestUtil: Output frame number: 8
11-06 07:32:46.430 14370 16701 D cros-codecs: cros_codecs_c2_ffi::backend::real::allocation: Converted an ffi::Native2DBuffer to a GenericDmaVideoFrame; cros_codecs_dma_buf.token.get_id() = 253, cros_codecs_dma_buf.token.get_size() = Size { width: 1280, height: 768 }
11-06 07:32:46.430 14370 16701 D cros-codecs: cros_codecs::decoder::stateless::h265: Decode picture POC 17
11-06 07:32:46.430 14370 16701 D cros-codecs: cros_codecs::codec::h265::dpb: find_short_term_ref_by_poc: 16, found position Some(1)
11-06 07:32:46.430 14370 16701 D cros-codecs: cros_codecs::codec::h265::picture: Set reference of POC 15 to None
11-06 07:32:46.430 14370 16701 W cros-codecs: cros_codecs::decoder::stateless::h265: The total RPS length 1 is not the same as the DPB length 2
11-06 07:32:46.430 14370 16701 W cros-codecs: cros_codecs::decoder::stateless::h265: A reference pic may be in more than one RPS list. This is against the specification. See 8.3.2. NOTE 5
11-06 07:32:46.430 14370 16701 D cros-codecs: cros_codecs::codec::h265::dpb: Removing unused pictures from DPB.
11-06 07:32:46.430 14370 16701 D cros-codecs: cros_codecs::codec::h265::dpb: Retaining pic POC: 15: false
11-06 07:32:46.430 14370 16701 D cros-codecs: cros_codecs::codec::h265::dpb: Retaining pic POC: 16: true
11-06 07:32:46.430 14370 16701 D cros-codecs: cros_codecs::decoder::stateless::h265: Melanie: Adding POCs [] to the ready queue before decoding
11-06 07:32:46.430 14370 16701 D cros-codecs: cros_codecs::decoder::stateless::h265: Processing NALU TrailR, length is 2668
11-06 07:32:46.430 14370 16701 D cros-codecs: cros_codecs::codec::h265::parser: Parsed slice TrailR, NAL size was 2668
11-06 07:32:46.430 14370 16701 D cros-codecs: cros_codecs::decoder::stateless::h265: Processing NALU TrailR, length is 5337
11-06 07:32:46.431 14370 16701 D cros-codecs: cros_codecs::codec::h265::parser: Parsed slice TrailR, NAL size was 5337
11-06 07:32:46.431 14370 16701 D cros-codecs: cros_codecs::decoder::stateless::h265: Finishing picture POC 17
11-06 07:32:46.431 14370 16701 I iHD     : Melanie: Inside MediaLibvaInterfaceNext: BeginPicture called
11-06 07:32:46.431 14370 16701 I iHD     : Melanie: Inside DDI: RenderPicture buffers=5
11-06 07:32:46.431 14370 16701 I iHD     : Melanie: Inside HEVC RefFrames UpdateRefCachePolicy
11-06 07:32:46.431 14370 16701 I iHD     : Melanie: Inside HEVC BasicFeature: SetSliceStructs
11-06 07:32:46.431 14370 16701 I iHD     : Melanie: Inside HEVC BasicFeature: Update
11-06 07:32:46.431 14370 16701 I iHD     : Melanie: Inside DDI: EndPicture ctx=0x7365ece168e0
11-06 07:32:46.431 14370 16701 E cros-codecs: cros_codecs::decoder::stateless::h265: Melanie: SUBMIT PICTURE 
11-06 07:32:46.431 14370 16701 E cros-codecs: cros_codecs::decoder::stateless::h265: Melanie: Timestamp: 18
11-06 07:32:46.431 14370 16701 E cros-codecs: cros_codecs::decoder::stateless::h265: Melanie: STORE IN DPB POC 17 
